Component: ARM Compiler 5.06 update 7 (build 960) Tool: armlink [4d3601]

==============================================================================

Section Cross References

    main.o(i.main) refers to rt_cmsis.o(i.osKernelInitialize) for osKernelInitialize
    main.o(i.main) refers to thread.o(i.Init_Thread) for Init_Thread
    main.o(i.main) refers to rt_cmsis.o(i.osKernelStart) for osKernelStart
    main.o(i.main) refers to rt_cmsis.o(i.osDelay) for osDelay
    thread.o(i.Init_Part2) refers to rt_cmsis.o(i.osThreadCreate) for osThreadCreate
    thread.o(i.Init_Part2) refers to thread.o(.constdata) for os_thread_def_ThreadA
    thread.o(i.Init_Part2) refers to thread.o(.data) for tidA_Thread
    thread.o(i.Init_Thread) refers to rt_cmsis.o(i.osThreadCreate) for osThreadCreate
    thread.o(i.Init_Thread) refers to thread.o(.constdata) for os_thread_def_Thread1
    thread.o(i.Init_Thread) refers to thread.o(.data) for tid_Thread
    thread.o(i.Thread1) refers to printfa.o(i.__0printf) for __2printf
    thread.o(i.Thread1) refers to thread.o(.data) for counta
    thread.o(i.Thread2) refers to printfa.o(i.__0printf) for __2printf
    thread.o(i.Thread2) refers to thread.o(.data) for countb
    thread.o(i.Thread3) refers to printfa.o(i.__0printf) for __2printf
    thread.o(i.Thread3) refers to thread.o(.data) for countc
    thread.o(i.ThreadA) refers to printfa.o(i.__0printf) for __2printf
    thread.o(i.ThreadB) refers to thread.o(i.factorial) for factorial
    thread.o(i.ThreadB) refers to dflti.o(.text) for __aeabi_i2d
    thread.o(i.ThreadB) refers to pow.o(i.pow) for pow
    thread.o(i.ThreadB) refers to ddiv.o(.text) for __aeabi_ddiv
    thread.o(i.ThreadB) refers to dadd.o(.text) for __aeabi_dadd
    thread.o(i.ThreadB) refers to printfa.o(i.__0printf) for __2printf
    thread.o(i.ThreadC) refers to dflti.o(.text) for __aeabi_i2d
    thread.o(i.ThreadC) refers to dadd.o(.text) for __aeabi_dadd
    thread.o(i.ThreadC) refers to ddiv.o(.text) for __aeabi_ddiv
    thread.o(i.ThreadC) refers to printfa.o(i.__0printf) for __2printf
    thread.o(i.ThreadD) refers to thread.o(i.factorial) for factorial
    thread.o(i.ThreadD) refers to dflti.o(.text) for __aeabi_i2d
    thread.o(i.ThreadD) refers to pow.o(i.pow) for pow
    thread.o(i.ThreadD) refers to ddiv.o(.text) for __aeabi_ddiv
    thread.o(i.ThreadD) refers to dadd.o(.text) for __aeabi_dadd
    thread.o(i.ThreadD) refers to printfa.o(i.__0printf) for __2printf
    thread.o(i.ThreadE) refers to dflti.o(.text) for __aeabi_i2d
    thread.o(i.ThreadE) refers to pow.o(i.pow) for pow
    thread.o(i.ThreadE) refers to dmul.o(.text) for __aeabi_dmul
    thread.o(i.ThreadE) refers to dadd.o(.text) for __aeabi_dadd
    thread.o(i.ThreadE) refers to printfa.o(i.__0printf) for __2printf
    thread.o(i.factorial) refers to thread.o(.data) for temp
    thread.o(.constdata) refers to thread.o(i.Thread1) for Thread1
    thread.o(.constdata) refers to thread.o(i.Thread2) for Thread2
    thread.o(.constdata) refers to thread.o(i.Thread3) for Thread3
    thread.o(.constdata) refers to thread.o(i.ThreadA) for ThreadA
    thread.o(.constdata) refers to thread.o(i.ThreadB) for ThreadB
    thread.o(.constdata) refers to thread.o(i.ThreadC) for ThreadC
    thread.o(.constdata) refers to thread.o(i.ThreadD) for ThreadD
    thread.o(.constdata) refers to thread.o(i.ThreadE) for ThreadE
    rtx_conf_cm.o(.ARM.Collect$$$$000000FF) refers to rt_cmsis.o(i.osKernelInitialize) for osKernelInitialize
    rtx_conf_cm.o(.ARM.Collect$$$$000000FF) refers to rt_cmsis.o(i.osThreadCreate) for osThreadCreate
    rtx_conf_cm.o(.ARM.Collect$$$$000000FF) refers to rt_cmsis.o(i.osKernelStart) for osKernelStart
    rtx_conf_cm.o(.ARM.Collect$$$$000000FF) refers to rtx_conf_cm.o(.constdata) for .constdata
    rtx_conf_cm.o(i.os_idle_demon) refers to rtx_conf_cm.o(.data) for countIDLE
    rtx_conf_cm.o(.constdata) refers to rt_cmsis.o(i.osTimerThread) for osTimerThread
    rtx_conf_cm.o(.constdata) refers to rtx_conf_cm.o(.bss) for os_messageQ_q_osTimerMessageQ
    rtx_conf_cm.o(.constdata) refers to main.o(i.main) for main
    retarget_io.o(i.ITM_ReceiveChar) refers to retarget_io.o(.data) for ITM_RxBuffer
    retarget_io.o(i.__aeabi_assert) refers to fputs.o(i.fputs) for fputs
    retarget_io.o(i.__aeabi_assert) refers to retarget_io.o(i.abort) for abort
    retarget_io.o(i.__aeabi_assert) refers to stderr.o(.data) for __stderr
    retarget_io.o(i.fputc) refers to retarget_io.o(i.stdout_putchar) for stdout_putchar
    retarget_io.o(i.fputc) refers to stdout.o(.data) for __stdout
    retarget_io.o(i.stdout_putchar) refers to retarget_io.o(i.ITM_SendChar) for ITM_SendChar
    startup_lpc17xx.o(RESET) refers to startup_lpc17xx.o(STACK) for __initial_sp
    startup_lpc17xx.o(RESET) refers to startup_lpc17xx.o(.text) for Reset_Handler
    startup_lpc17xx.o(RESET) refers to hal_cm3.o(.emb_text) for SVC_Handler
[...]
    dflti.o(.text) refers to depilogue.o(.text) for _double_epilogue
    dunder.o(i.__mathlib_dbl_divzero) refers to ddiv.o(.text) for __aeabi_ddiv
    dunder.o(i.__mathlib_dbl_infnan) refers to dscalb.o(.text) for __ARM_scalbn
    dunder.o(i.__mathlib_dbl_infnan2) refers to dadd.o(.text) for __aeabi_dadd
    dunder.o(i.__mathlib_dbl_invalid) refers to ddiv.o(.text) for __aeabi_ddiv
    dunder.o(i.__mathlib_dbl_overflow) refers to dscalb.o(.text) for __ARM_scalbn
    dunder.o(i.__mathlib_dbl_posinfnan) refers to dmul.o(.text) for __aeabi_dmul
    dunder.o(i.__mathlib_dbl_underflow) refers to dscalb.o(.text) for __ARM_scalbn
    fpclassify.o(i.__ARM_fpclassify) refers (Special) to iusefp.o(.text) for __I$use$fp
    poly.o(i.__kernel_poly) refers (Special) to iusefp.o(.text) for __I$use$fp
    poly.o(i.__kernel_poly) refers to dmul.o(.text) for __aeabi_dmul
    poly.o(i.__kernel_poly) refers to dadd.o(.text) for __aeabi_dadd
    qnan.o(.constdata) refers (Special) to iusefp.o(.text) for __I$use$fp
    sqrt.o(i.__softfp_sqrt) refers (Special) to iusefp.o(.text) for __I$use$fp
    sqrt.o(i.__softfp_sqrt) refers to dsqrt.o(.text) for _dsqrt
    sqrt.o(i.__softfp_sqrt) refers to errno.o(i.__set_errno) for __set_errno
    sqrt.o(i.sqrt) refers (Special) to iusefp.o(.text) for __I$use$fp
    sqrt.o(i.sqrt) refers to dsqrt.o(.text) for _dsqrt
    sqrt.o(i.sqrt) refers to errno.o(i.__set_errno) for __set_errno
    sqrt_x.o(i.____softfp_sqrt$lsc) refers (Special) to iusefp.o(.text) for __I$use$fp
    sqrt_x.o(i.____softfp_sqrt$lsc) refers to cdcmple.o(.text) for __aeabi_cdcmple
    sqrt_x.o(i.____softfp_sqrt$lsc) refers to errno.o(i.__set_errno) for __set_errno
    sqrt_x.o(i.____softfp_sqrt$lsc) refers to dsqrt.o(.text) for _dsqrt
    sqrt_x.o(i.__sqrt$lsc) refers (Special) to iusefp.o(.text) for __I$use$fp
    sqrt_x.o(i.__sqrt$lsc) refers to cdcmple.o(.text) for __aeabi_cdcmple
    sqrt_x.o(i.__sqrt$lsc) refers to errno.o(i.__set_errno) for __set_errno
    sqrt_x.o(i.__sqrt$lsc) refers to dsqrt.o(.text) for _dsqrt
    entry2.o(.ARM.Collect$$$$00000001) refers to entry2.o(.ARM.Collect$$$$00002712) for __lit__00000000
    entry2.o(.ARM.Collect$$$$00002712) refers to startup_lpc17xx.o(STACK) for __initial_sp
    entry2.o(__vectab_stack_and_reset_area) refers to startup_lpc17xx.o(STACK) for __initial_sp
    entry2.o(__vectab_stack_and_reset_area) refers to entry.o(.ARM.Collect$$$$00000000) for __main
    entry5.o(.ARM.Collect$$$$00000004) refers to init.o(.text) for __scatterload
    errno.o(i.__aeabi_errno_addr) refers to errno.o(.data) for .data
    errno.o(i.__read_errno) refers to errno.o(.data) for .data
    errno.o(i.__set_errno) refers to errno.o(.data) for .data
    depilogue.o(.text) refers to llshl.o(.text) for __aeabi_llsl
    depilogue.o(.text) refers to llushr.o(.text) for __aeabi_llsr
    dfixul.o(.text) refers to llushr.o(.text) for __aeabi_llsr
    dfixul.o(.text) refers to llshl.o(.text) for __aeabi_llsl
    init.o(.text) refers to entry5.o(.ARM.Collect$$$$00000004) for __main_after_scatterload
    dsqrt.o(.text) refers to llushr.o(.text) for __aeabi_llsr
    dsqrt.o(.text) refers to depilogue.o(.text) for _double_round


==============================================================================

Removing Unused input sections from the image.

    Removing thread.o(.rev16_text), (4 bytes).
    Removing thread.o(.revsh_text), (4 bytes).
    Removing thread.o(.rrx_text), (6 bytes).
    Removing thread.o(i.Init_Part2), (124 bytes).
    Removing retarget_io.o(i.ITM_ReceiveChar), (36 bytes).
    Removing retarget_io.o(i.__aeabi_assert), (156 bytes).
    Removing retarget_io.o(i.__backspace), (8 bytes).
    Removing retarget_io.o(i.abort), (4 bytes).
    Removing retarget_io.o(i.fgetc), (8 bytes).
    Removing retarget_io.o(.data), (4 bytes).
    Removing gpio_lpc17xx.o(.rev16_text), (4 bytes).
    Removing gpio_lpc17xx.o(.revsh_text), (4 bytes).
    Removing gpio_lpc17xx.o(.rrx_text), (6 bytes).
    Removing gpio_lpc17xx.o(i.GPIO_PinRead), (32 bytes).
    Removing gpio_lpc17xx.o(i.GPIO_PinWrite), (40 bytes).
    Removing gpio_lpc17xx.o(i.GPIO_PortClock), (44 bytes).
    Removing gpio_lpc17xx.o(i.GPIO_PortRead), (20 bytes).
    Removing gpio_lpc17xx.o(i.GPIO_PortWrite), (32 bytes).
    Removing gpio_lpc17xx.o(i.GPIO_SetDir), (56 bytes).
    Removing pin_lpc17xx.o(.rev16_text), (4 bytes).
    Removing pin_lpc17xx.o(.revsh_text), (4 bytes).
    Removing pin_lpc17xx.o(.rrx_text), (6 bytes).
    Removing pin_lpc17xx.o(i.PIN_Configure), (252 bytes).
    Removing pin_lpc17xx.o(i.PIN_ConfigureI2C0Pins), (32 bytes).
    Removing pin_lpc17xx.o(i.PIN_ConfigureTPIU), (40 bytes).
    Removing startup_lpc17xx.o(HEAP), (0 bytes).
    Removing system_lpc17xx.o(.rev16_text), (4 bytes).
    Removing system_lpc17xx.o(.revsh_text), (4 bytes).
    Removing system_lpc17xx.o(.rrx_text), (6 bytes).
    Removing system_lpc17xx.o(i.SystemCoreClockUpdate), (424 bytes).
    Removing system_lpc17xx.o(.data), (4 bytes).
    Removing rt_cmsis.o(.rev16_text), (4 bytes).
    Removing rt_cmsis.o(.revsh_text), (4 bytes).
    Removing rt_cmsis.o(.rrx_text), (6 bytes).
    Removing rt_cmsis.o(i.isrSemaphoreRelease), (40 bytes).
    Removing rt_cmsis.o(i.isrSignalSet), (36 bytes).
    Removing rt_cmsis.o(i.osKernelRunning), (36 bytes).
    Removing rt_cmsis.o(i.osKernelSysTick), (24 bytes).
    Removing rt_cmsis.o(i.osMailAlloc), (28 bytes).
    Removing rt_cmsis.o(i.osMailCAlloc), (48 bytes).
    Removing rt_cmsis.o(i.osMailCreate), (44 bytes).
    Removing rt_cmsis.o(i.osMailFree), (28 bytes).
    Removing rt_cmsis.o(i.osMailGet), (22 bytes).
    Removing rt_cmsis.o(i.osMailPut), (20 bytes).
    Removing rt_cmsis.o(i.osMessageCreate), (44 bytes).
    Removing rt_cmsis.o(i.osMessagePut), (24 bytes).
    Removing rt_cmsis.o(i.osMutexCreate), (44 bytes).
    Removing rt_cmsis.o(i.osMutexDelete), (24 bytes).
    Removing rt_cmsis.o(i.osMutexRelease), (24 bytes).
    Removing rt_cmsis.o(i.osMutexWait), (24 bytes).
    Removing rt_cmsis.o(i.osPoolAlloc), (32 bytes).
    Removing rt_cmsis.o(i.osPoolCAlloc), (52 bytes).
    Removing rt_cmsis.o(i.osPoolCreate), (44 bytes).
    Removing rt_cmsis.o(i.osPoolFree), (32 bytes).
    Removing rt_cmsis.o(i.osSemaphoreCreate), (44 bytes).
    Removing rt_cmsis.o(i.osSemaphoreDelete), (24 bytes).
    Removing rt_cmsis.o(i.osSemaphoreRelease), (24 bytes).
    Removing rt_cmsis.o(i.osSemaphoreWait), (24 bytes).
    Removing rt_cmsis.o(i.osSignalClear), (24 bytes).
    Removing rt_cmsis.o(i.osSignalSet), (24 bytes).
    Removing rt_cmsis.o(i.osSignalWait), (24 bytes).
    Removing rt_cmsis.o(i.osThreadGetId), (24 bytes).
    Removing rt_cmsis.o(i.osThreadGetPriority), (24 bytes).
    Removing rt_cmsis.o(i.osThreadSetPriority), (24 bytes).
    Removing rt_cmsis.o(i.osThreadTerminate), (24 bytes).
    Removing rt_cmsis.o(i.osThreadYield), (24 bytes).
    Removing rt_cmsis.o(i.osTimerCreate), (44 bytes).
    Removing rt_cmsis.o(i.osTimerDelete), (24 bytes).
    Removing rt_cmsis.o(i.osTimerStart), (24 bytes).
    Removing rt_cmsis.o(i.osTimerStop), (24 bytes).
    Removing rt_cmsis.o(i.osWait), (4 bytes).
    Removing rt_cmsis.o(i.os_resume), (12 bytes).
    Removing rt_cmsis.o(i.os_suspend), (12 bytes).
    Removing rt_cmsis.o(i.rt_clr_box), (24 bytes).
    Removing rt_cmsis.o(i.rt_timer_remove), (60 bytes).
    Removing rt_cmsis.o(i.svcKernelRunning), (12 bytes).
    Removing rt_cmsis.o(i.svcKernelSysTick), (56 bytes).
    Removing rt_cmsis.o(i.svcMailCreate), (66 bytes).
    Removing rt_cmsis.o(i.svcMessagePut), (54 bytes).
    Removing rt_cmsis.o(i.svcMutexCreate), (28 bytes).
    Removing rt_cmsis.o(i.svcMutexDelete), (26 bytes).
    Removing rt_cmsis.o(i.svcMutexRelease), (34 bytes).
    Removing rt_cmsis.o(i.svcMutexWait), (58 bytes).
    Removing rt_cmsis.o(i.svcPoolCreate), (40 bytes).
    Removing rt_cmsis.o(i.svcSemaphoreCreate), (36 bytes).
    Removing rt_cmsis.o(i.svcSemaphoreDelete), (26 bytes).
    Removing rt_cmsis.o(i.svcSemaphoreRelease), (40 bytes).
    Removing rt_cmsis.o(i.svcSemaphoreWait), (50 bytes).
    Removing rt_cmsis.o(i.svcSignalClear), (36 bytes).
    Removing rt_cmsis.o(i.svcSignalSet), (36 bytes).
    Removing rt_cmsis.o(i.svcSignalWait), (84 bytes).
    Removing rt_cmsis.o(i.svcThreadGetPriority), (18 bytes).
    Removing rt_cmsis.o(i.svcThreadSetPriority), (46 bytes).
    Removing rt_cmsis.o(i.svcThreadYield), (10 bytes).
    Removing rt_cmsis.o(i.svcTimerCreate), (56 bytes).
    Removing rt_cmsis.o(i.svcTimerDelete), (40 bytes).
    Removing rt_cmsis.o(i.svcTimerStart), (100 bytes).
    Removing rt_cmsis.o(i.svcTimerStop), (36 bytes).
    Removing rt_cmsis.o(i.sysMailAlloc), (88 bytes).
    Removing rt_cmsis.o(i.sysMailFree), (96 bytes).
    Removing rt_cmsis.o(i.sysPoolAlloc), (10 bytes).
    Removing rt_cmsis.o(i.sysPoolFree), (20 bytes).
    Removing rt_cmsis.o(i.sysUserTimerUpdate), (48 bytes).
    Removing rt_cmsis.o(i.sysUserTimerWakeupTime), (20 bytes).
    Removing rt_task.o(i.rt_tsk_pass), (48 bytes).
    Removing rt_system.o(.emb_text), (0 bytes).
    Removing rt_system.o(i.os_tick_ovf), (16 bytes).
    Removing rt_system.o(i.os_tick_val), (20 bytes).
    Removing rt_system.o(i.rt_resume), (136 bytes).
    Removing rt_system.o(i.rt_suspend), (36 bytes).
    Removing rt_system.o(i.rt_tsk_lock), (80 bytes).
    Removing rt_system.o(i.rt_tsk_unlock), (80 bytes).
    Removing rt_event.o(i.isr_evt_set), (40 bytes).
    Removing rt_event.o(i.rt_evt_clr), (28 bytes).
    Removing rt_event.o(i.rt_evt_get), (12 bytes).
    Removing rt_event.o(i.rt_evt_set), (92 bytes).
    Removing rt_event.o(i.rt_evt_wait), (60 bytes).
    Removing rt_list.o(i.rt_get_same_rdy_prio), (36 bytes).
    Removing rt_mailbox.o(i.rt_mbx_send), (152 bytes).
    Removing rt_semaphore.o(i.isr_sem_send), (16 bytes).
    Removing rt_semaphore.o(i.rt_sem_delete), (92 bytes).
    Removing rt_semaphore.o(i.rt_sem_init), (12 bytes).
    Removing rt_semaphore.o(i.rt_sem_send), (42 bytes).
    Removing rt_semaphore.o(i.rt_sem_wait), (64 bytes).
    Removing rt_time.o(i.rt_itv_set), (24 bytes).
    Removing rt_time.o(i.rt_itv_wait), (40 bytes).
    Removing rt_time.o(i.rt_time_get), (12 bytes).
    Removing rt_mutex.o(i.rt_mut_delete), (176 bytes).
    Removing rt_mutex.o(i.rt_mut_init), (16 bytes).
    Removing rt_mutex.o(i.rt_mut_release), (216 bytes).
    Removing rt_mutex.o(i.rt_mut_wait), (120 bytes).
    Removing rt_membox.o(i._calloc_box), (30 bytes).
    Removing cdcmple.o(.text), (48 bytes).

133 unused section(s) (total 5606 bytes) removed from the image.

==============================================================================

Image Symbol Table

    Local Symbols

    Symbol Name                              Value     Ov Type        Size  Object(Section)

    RESET                                    0x00000000   Section      204  startup_lpc17xx.o(RESET)
    ../clib/microlib/division.c              0x00000000   Number         0  uidiv.o ABSOLUTE
    ../clib/microlib/division.c              0x00000000   Number         0  uldiv.o ABSOLUTE
    ../clib/microlib/errno.c                 0x00000000   Number         0  errno.o ABSOLUTE
    ../clib/microlib/init/entry.s            0x00000000   Number         0  entry12a.o ABSOLUTE
    ../clib/microlib/init/entry.s            0x00000000   Number         0  entry7a.o ABSOLUTE
    ../clib/microlib/init/entry.s            0x00000000   Number         0  entry7b.o ABSOLUTE
    ../clib/microlib/init/entry.s            0x00000000   Number         0  entry8a.o ABSOLUTE
    ../clib/microlib/init/entry.s            0x00000000   Number         0  entry8b.o ABSOLUTE
    ../clib/microlib/init/entry.s            0x00000000   Number         0  entry10a.o ABSOLUTE
    ../clib/microlib/init/entry.s            0x00000000   Number         0  entry10b.o ABSOLUTE
    ../clib/microlib/init/entry.s            0x00000000   Number         0  entry11a.o ABSOLUTE
    ../clib/microlib/init/entry.s            0x00000000   Number         0  entry11b.o ABSOLUTE
    ../clib/microlib/init/entry.s            0x00000000   Number         0  entry2.o ABSOLUTE
    ../clib/microlib/init/entry.s            0x00000000   Number         0  entry5.o ABSOLUTE
    ../clib/microlib/init/entry.s            0x00000000   Number         0  entry.o ABSOLUTE
    ../clib/microlib/init/entry.s            0x00000000   Number         0  entry12b.o ABSOLUTE
    ../clib/microlib/longlong.c              0x00000000   Number         0  llshl.o ABSOLUTE
    ../clib/microlib/longlong.c              0x00000000   Number         0  llushr.o ABSOLUTE
    ../clib/microlib/longlong.c              0x00000000   Number         0  llsshr.o ABSOLUTE
    ../clib/microlib/printf/printf.c         0x00000000   Number         0  printfa.o ABSOLUTE
    ../clib/microlib/printf/printf.c         0x00000000   Number         0  printf8.o ABSOLUTE
    ../clib/microlib/printf/printf.c         0x00000000   Number         0  printf7.o ABSOLUTE
    ../clib/microlib/printf/printf.c         0x00000000   Number         0  printf6.o ABSOLUTE
    ../clib/microlib/printf/printf.c         0x00000000   Number         0  printf5.o ABSOLUTE
    ../clib/microlib/printf/printf.c         0x00000000   Number         0  printf4.o ABSOLUTE
    ../clib/microlib/printf/printf.c         0x00000000   Number         0  printf3.o ABSOLUTE
    ../clib/microlib/printf/printf.c         0x00000000   Number         0  printf2.o ABSOLUTE
    ../clib/microlib/printf/printf.c         0x00000000   Number         0  printf1.o ABSOLUTE
    ../clib/microlib/printf/printf.c         0x00000000   Number         0  printf0.o ABSOLUTE
    ../clib/microlib/printf/printf.c         0x00000000   Number         0  printfb.o ABSOLUTE
    ../clib/microlib/printf/stubs.s          0x00000000   Number         0  stubs.o ABSOLUTE
    ../clib/microlib/stdio/fputs.c           0x00000000   Number         0  fputs_e.o ABSOLUTE
    ../clib/microlib/stdio/fputs.c           0x00000000   Number         0  fputs.o ABSOLUTE
    ../clib/microlib/stdio/streams.c         0x00000000   Number         0  stdout.o ABSOLUTE
    ../clib/microlib/stdio/streams.c         0x00000000   Number         0  stderr.o ABSOLUTE
    ../clib/microlib/stubs.s                 0x00000000   Number         0  iusefp.o ABSOLUTE
    ../fplib/microlib/fpadd.c                0x00000000   Number         0  dadd.o ABSOLUTE
    ../fplib/microlib/fpdiv.c                0x00000000   Number         0  ddiv.o ABSOLUTE
    ../fplib/microlib/fpepilogue.c           0x00000000   Number         0  depilogue.o ABSOLUTE
    ../fplib/microlib/fpfix.c                0x00000000   Number         0  dfixul.o ABSOLUTE
    ../fplib/microlib/fpflt.c                0x00000000   Number         0  dflti.o ABSOLUTE
    ../fplib/microlib/fpmul.c                0x00000000   Number         0  dmul.o ABSOLUTE
    ../fplib/microlib/fpscalb.c              0x00000000   Number         0  dscalb.o ABSOLUTE
    ../fplib/microlib/fpsqrt.c               0x00000000   Number         0  dsqrt.o ABSOLUTE
    ../mathlib/dunder.c                      0x00000000   Number         0  dunder.o ABSOLUTE
    ../mathlib/fpclassify.c                  0x00000000   Number         0  fpclassify.o ABSOLUTE
    ../mathlib/poly.c                        0x00000000   Number         0  poly.o ABSOLUTE
    ../mathlib/pow.c                         0x00000000   Number         0  pow_x.o ABSOLUTE
    ../mathlib/pow.c                         0x00000000   Number         0  pow.o ABSOLUTE
    ../mathlib/qnan.c                        0x00000000   Number         0  qnan.o ABSOLUTE
    ../mathlib/sqrt.c                        0x00000000   Number         0  sqrt.o ABSOLUTE
    ../mathlib/sqrt.c                        0x00000000   Number         0  sqrt_x.o ABSOLUTE
    ..\HAL_CM.c                              0x00000000   Number         0  hal_cm.o ABSOLUTE
    ..\\rt_CMSIS.c                           0x00000000   Number         0  rt_cmsis.o ABSOLUTE
    ..\\rt_System.c                          0x00000000   Number         0  rt_system.o ABSOLUTE
    ..\rt_CMSIS.c                            0x00000000   Number         0  rt_cmsis.o ABSOLUTE
    ..\rt_Event.c                            0x00000000   Number         0  rt_event.o ABSOLUTE
    ..\rt_List.c                             0x00000000   Number         0  rt_list.o ABSOLUTE
    ..\rt_Mailbox.c                          0x00000000   Number         0  rt_mailbox.o ABSOLUTE
    ..\rt_MemBox.c                           0x00000000   Number         0  rt_membox.o ABSOLUTE
    ..\rt_Memory.c                           0x00000000   Number         0  rt_memory.o ABSOLUTE
    ..\rt_Mutex.c                            0x00000000   Number         0  rt_mutex.o ABSOLUTE
    ..\rt_Robin.c                            0x00000000   Number         0  rt_robin.o ABSOLUTE
    ..\rt_Semaphore.c                        0x00000000   Number         0  rt_semaphore.o ABSOLUTE
    ..\rt_System.c                           0x00000000   Number         0  rt_system.o ABSOLUTE
    ..\rt_Task.c                             0x00000000   Number         0  rt_task.o ABSOLUTE
    ..\rt_Time.c                             0x00000000   Number         0  rt_time.o ABSOLUTE
    C:\Users\almuh\AppData\Local\Arm\Packs\Keil\ARM_Compiler\1.6.3\Source\retarget_io.c 0x00000000   Number         0  retarget_io.o ABSOLUTE
    C:\Users\almuh\AppData\Local\Arm\Packs\Keil\LPC1700_DFP\2.7.0\RTE_Driver\GPIO_LPC17xx.c 0x00000000   Number         0  gpio_lpc17xx.o ABSOLUTE
    C:\Users\almuh\AppData\Local\Arm\Packs\Keil\LPC1700_DFP\2.7.0\RTE_Driver\PIN_LPC17xx.c 0x00000000   Number         0  pin_lpc17xx.o ABSOLUTE
    C:\\Users\\almuh\\AppData\\Local\\Arm\\Packs\\Keil\\LPC1700_DFP\\2.7.0\\RTE_Driver\\GPIO_LPC17xx.c 0x00000000   Number         0  gpio_lpc17xx.o ABSOLUTE
    C:\\Users\\almuh\\AppData\\Local\\Arm\\Packs\\Keil\\LPC1700_DFP\\2.7.0\\RTE_Driver\\PIN_LPC17xx.c 0x00000000   Number         0  pin_lpc17xx.o ABSOLUTE
    HAL_CM3.c                                0x00000000   Number         0  hal_cm3.o ABSOLUTE
    HAL_CM3.c                                0x00000000   Number         0  hal_cm3.o ABSOLUTE
    RTE\CMSIS\RTX_Conf_CM.c                  0x00000000   Number         0  rtx_conf_cm.o ABSOLUTE
    RTE\Device\LPC1768\startup_LPC17xx.s     0x00000000   Number         0  startup_lpc17xx.o ABSOLUTE
    RTE\Device\LPC1768\system_LPC17xx.c      0x00000000   Number         0  system_lpc17xx.o ABSOLUTE
    RTE\\Device\\LPC1768\\system_LPC17xx.c   0x00000000   Number         0  system_lpc17xx.o ABSOLUTE
    SVC_Table.s                              0x00000000   Number         0  svc_table.o ABSOLUTE
    Thread.c                                 0x00000000   Number         0  thread.o ABSOLUTE
    Thread.c                                 0x00000000   Number         0  thread.o ABSOLUTE
    cdcmple.s                                0x00000000   Number         0  cdcmple.o ABSOLUTE
    cdrcmple.s                               0x00000000   Number         0  cdrcmple.o ABSOLUTE
    dc.s                                     0x00000000   Number         0  dc.o ABSOLUTE
    handlers.s                               0x00000000   Number         0  handlers.o ABSOLUTE
    init.s                                   0x00000000   Number         0  init.o ABSOLUTE
    main.c                                   0x00000000   Number         0  main.o ABSOLUTE
    .ARM.Collect$$$$00000000                 0x000000cc   Section        0  entry.o(.ARM.Collect$$$$00000000)
    .ARM.Collect$$$$00000001                 0x000000cc   Section        4  entry2.o(.ARM.Collect$$$$00000001)
    .ARM.Collect$$$$00000004                 0x000000d0   Section        4  entry5.o(.ARM.Collect$$$$00000004)
    .ARM.Collect$$$$00000008                 0x000000d4   Section        0  entry7b.o(.ARM.Collect$$$$00000008)
    .ARM.Collect$$$$0000000A                 0x000000d4   Section        0  entry8b.o(.ARM.Collect$$$$0000000A)
    .ARM.Collect$$$$0000000E                 0x000000d4   Section        4  entry12b.o(.ARM.Collect$$$$0000000E)
    .ARM.Collect$$$$0000000F                 0x000000d8   Section        0  entry10a.o(.ARM.Collect$$$$0000000F)
    .ARM.Collect$$$$00000011                 0x000000d8   Section        0  entry11a.o(.ARM.Collect$$$$00000011)
    .ARM.Collect$$$$000000FF                 0x000000d8   Section        0  rtx_conf_cm.o(.ARM.Collect$$$$000000FF)
    .ARM.Collect$$$$00002712                 0x000000f0   Section        4  entry2.o(.ARM.Collect$$$$00002712)
    __lit__00000000                          0x000000f0   Data           4  entry2.o(.ARM.Collect$$$$00002712)
    .emb_text                                0x000000f4   Section      304  hal_cm3.o(.emb_text)
    .text                                    0x00000224   Section       36  startup_lpc17xx.o(.text)
    .text                                    0x00000248   Section        0  uldiv.o(.text)
    .text                                    0x000002aa   Section        0  dflti.o(.text)
    .text                                    0x000002cc   Section        0  uidiv.o(.text)
    .text                                    0x000002f8   Section        0  iusefp.o(.text)
    SVC_TABLE                                0x000002f8   Section        4  svc_table.o(SVC_TABLE)
    .ARM.__at_0x02FC                         0x000002fc   Section        4  startup_lpc17xx.o(.ARM.__at_0x02FC)
    .text                                    0x00000300   Section        0  dadd.o(.text)
    .text                                    0x0000044e   Section        0  dmul.o(.text)
    .text                                    0x00000532   Section        0  ddiv.o(.text)
    .text                                    0x00000610   Section        0  llshl.o(.text)
    .text                                    0x0000062e   Section        0  llushr.o(.text)
    .text                                    0x0000064e   Section        0  llsshr.o(.text)
    .text                                    0x00000672   Section        0  depilogue.o(.text)
    .text                                    0x0000072c   Section        0  dscalb.o(.text)
    .text                                    0x0000075a   Section        0  dfixul.o(.text)
    .text                                    0x0000078c   Section       48  cdrcmple.o(.text)
    .text                                    0x000007bc   Section       36  init.o(.text)
    .text                                    0x000007e0   Section        0  dsqrt.o(.text)
    i.ITM_SendChar                           0x00000884   Section        0  retarget_io.o(i.ITM_SendChar)
    i.Init_Thread                            0x000008b4   Section        0  thread.o(i.Init_Thread)
    i.SystemInit                             0x00000904   Section        0  system_lpc17xx.o(i.SystemInit)
    i.Thread1                                0x00000a44   Section        0  thread.o(i.Thread1)
    i.Thread2                                0x00000af8   Section        0  thread.o(i.Thread2)
    i.Thread3                                0x00000ba4   Section        0  thread.o(i.Thread3)
    i.ThreadA                                0x00000c58   Section        0  thread.o(i.ThreadA)
    i.ThreadB                                0x00000c84   Section        0  thread.o(i.ThreadB)
    i.ThreadC                                0x00000cf8   Section        0  thread.o(i.ThreadC)
    i.ThreadD                                0x00000d64   Section        0  thread.o(i.ThreadD)
    i.ThreadE                                0x00000ddc   Section        0  thread.o(i.ThreadE)
    i.__0printf                              0x00000e60   Section        0  printfa.o(i.__0printf)
    i.__ARM_fpclassify                       0x00000e80   Section        0  fpclassify.o(i.__ARM_fpclassify)
    i.__kernel_poly                          0x00000ea8   Section        0  poly.o(i.__kernel_poly)
    i.__mathlib_dbl_divzero                  0x00000f54   Section        0  dunder.o(i.__mathlib_dbl_divzero)
    i.__mathlib_dbl_infnan2                  0x00000f64   Section        0  dunder.o(i.__mathlib_dbl_infnan2)
    i.__mathlib_dbl_invalid                  0x00000f68   Section        0  dunder.o(i.__mathlib_dbl_invalid)
    i.__mathlib_dbl_overflow                 0x00000f74   Section        0  dunder.o(i.__mathlib_dbl_overflow)
    i.__mathlib_dbl_underflow                0x00000f84   Section        0  dunder.o(i.__mathlib_dbl_underflow)
    i.__scatterload_copy                     0x00000f94   Section       14  handlers.o(i.__scatterload_copy)
    i.__scatterload_null                     0x00000fa2   Section        2  handlers.o(i.__scatterload_null)
    i.__scatterload_zeroinit                 0x00000fa4   Section       14  handlers.o(i.__scatterload_zeroinit)
    i.__set_errno                            0x00000fb4   Section        0  errno.o(i.__set_errno)
    i._fp_digits                             0x00000fc0   Section        0  printfa.o(i._fp_digits)
    _fp_digits                               0x00000fc1   Thumb Code   366  printfa.o(i._fp_digits)
    i._init_box                              0x00001144   Section        0  rt_membox.o(i._init_box)
    i._printf_core                           0x0000118c   Section        0  printfa.o(i._printf_core)
    _printf_core                             0x0000118d   Thumb Code  1704  printfa.o(i._printf_core)
    i._printf_post_padding                   0x00001840   Section        0  printfa.o(i._printf_post_padding)
    _printf_post_padding                     0x00001841   Thumb Code    36  printfa.o(i._printf_post_padding)
    i._printf_pre_padding                    0x00001864   Section        0  printfa.o(i._printf_pre_padding)
    _printf_pre_padding                      0x00001865   Thumb Code    46  printfa.o(i._printf_pre_padding)
    i.dbg_init                               0x00001894   Section        0  hal_cm.o(i.dbg_init)
    i.dbg_task_notify                        0x000018c4   Section        0  hal_cm.o(i.dbg_task_notify)
    i.dbg_task_switch                        0x000018e4   Section        0  hal_cm.o(i.dbg_task_switch)
    i.factorial                              0x000018f4   Section        0  thread.o(i.factorial)
    i.fputc                                  0x0000191c   Section        0  retarget_io.o(i.fputc)
    i.isrMessageGet                          0x0000193c   Section        0  rt_cmsis.o(i.isrMessageGet)
    i.isrMessagePut                          0x00001966   Section        0  rt_cmsis.o(i.isrMessagePut)
    i.isr_mbx_receive                        0x00001994   Section        0  rt_mailbox.o(i.isr_mbx_receive)
    i.isr_mbx_send                           0x000019ea   Section        0  rt_mailbox.o(i.isr_mbx_send)
    i.main                                   0x000019f8   Section        0  main.o(i.main)
    i.osDelay                                0x00001a14   Section        0  rt_cmsis.o(i.osDelay)
    i.osKernelInitialize                     0x00001a2c   Section        0  rt_cmsis.o(i.osKernelInitialize)
    i.osKernelStart                          0x00001a50   Section        0  rt_cmsis.o(i.osKernelStart)
    i.osMessageGet                           0x00001abc   Section        0  rt_cmsis.o(i.osMessageGet)
    i.osThreadCreate                         0x00001ad4   Section        0  rt_cmsis.o(i.osThreadCreate)
    i.osThreadExit                           0x00001b00   Section        0  rt_cmsis.o(i.osThreadExit)
    i.osTimerCall                            0x00001b18   Section        0  rt_cmsis.o(i.osTimerCall)
    i.osTimerThread                          0x00001b24   Section        0  rt_cmsis.o(i.osTimerThread)
    i.os_error                               0x00001b50   Section        0  rtx_conf_cm.o(i.os_error)
    i.os_idle_demon                          0x00001b74   Section        0  rtx_conf_cm.o(i.os_idle_demon)
    i.os_tick_init                           0x00001b88   Section        0  rt_system.o(i.os_tick_init)
    i.os_tick_irqack                         0x00001bb0   Section        0  rt_system.o(i.os_tick_irqack)
    i.pow                                    0x00001bb4   Section        0  pow.o(i.pow)
    i.rt_alloc_box                           0x0000258c   Section        0  rt_membox.o(i.rt_alloc_box)
    i.rt_alloc_mem                           0x000025a6   Section        0  rt_memory.o(i.rt_alloc_mem)
    i.rt_block                               0x000025e4   Section        0  rt_task.o(i.rt_block)
    i.rt_chk_robin                           0x0000261c   Section        0  rt_robin.o(i.rt_chk_robin)
    i.rt_dec_dly                             0x00002664   Section        0  rt_list.o(i.rt_dec_dly)
    i.rt_dispatch                            0x000026d4   Section        0  rt_task.o(i.rt_dispatch)
    i.rt_dly_wait                            0x00002718   Section        0  rt_time.o(i.rt_dly_wait)
    i.rt_evt_psh                             0x00002720   Section        0  rt_event.o(i.rt_evt_psh)
    i.rt_free_box                            0x00002770   Section        0  rt_membox.o(i.rt_free_box)
    i.rt_free_mem                            0x0000279c   Section        0  rt_memory.o(i.rt_free_mem)
    i.rt_get_first                           0x000027c4   Section        0  rt_list.o(i.rt_get_first)
    i.rt_id2obj                              0x000027ec   Section        0  rt_cmsis.o(i.rt_id2obj)
    rt_id2obj                                0x000027ed   Thumb Code     8  rt_cmsis.o(i.rt_id2obj)
    i.rt_init_context                        0x000027f4   Section        0  rt_task.o(i.rt_init_context)
    rt_init_context                          0x000027f5   Thumb Code    66  rt_task.o(i.rt_init_context)
    i.rt_init_mem                            0x0000283c   Section        0  rt_memory.o(i.rt_init_mem)
    i.rt_init_robin                          0x00002858   Section        0  rt_robin.o(i.rt_init_robin)
    i.rt_init_stack                          0x00002870   Section        0  hal_cm.o(i.rt_init_stack)
    i.rt_mbx_check                           0x000028f0   Section        0  rt_mailbox.o(i.rt_mbx_check)
    i.rt_mbx_init                            0x000028f8   Section        0  rt_mailbox.o(i.rt_mbx_init)
    i.rt_mbx_psh                             0x00002914   Section        0  rt_mailbox.o(i.rt_mbx_psh)
    i.rt_mbx_wait                            0x00002a04   Section        0  rt_mailbox.o(i.rt_mbx_wait)
    i.rt_ms2tick                             0x00002ab8   Section        0  rt_cmsis.o(i.rt_ms2tick)
    rt_ms2tick                               0x00002ab9   Thumb Code    58  rt_cmsis.o(i.rt_ms2tick)
    i.rt_pop_req                             0x00002afc   Section        0  rt_system.o(i.rt_pop_req)
    i.rt_psh_req                             0x00002b78   Section        0  rt_system.o(i.rt_psh_req)
    i.rt_psq_enq                             0x00002b98   Section        0  rt_list.o(i.rt_psq_enq)
    i.rt_put_dly                             0x00002bf4   Section        0  rt_list.o(i.rt_put_dly)
    i.rt_put_prio                            0x00002c3c   Section        0  rt_list.o(i.rt_put_prio)
    i.rt_put_rdy_first                       0x00002c74   Section        0  rt_list.o(i.rt_put_rdy_first)
    i.rt_resort_prio                         0x00002c88   Section        0  rt_list.o(i.rt_resort_prio)
    i.rt_ret_val                             0x00002cbc   Section        0  hal_cm.o(i.rt_ret_val)
    i.rt_ret_val2                            0x00002cc2   Section        0  hal_cm.o(i.rt_ret_val2)
    i.rt_rmv_dly                             0x00002cca   Section        0  rt_list.o(i.rt_rmv_dly)
    i.rt_rmv_list                            0x00002cf4   Section        0  rt_list.o(i.rt_rmv_list)
    i.rt_sem_psh                             0x00002d24   Section        0  rt_semaphore.o(i.rt_sem_psh)
    i.rt_stk_check                           0x00002d58   Section        0  rt_system.o(i.rt_stk_check)
    i.rt_switch_req                          0x00002d7c   Section        0  rt_task.o(i.rt_switch_req)
    i.rt_sys_init                            0x00002da4   Section        0  rt_task.o(i.rt_sys_init)
    i.rt_sys_start                           0x00002e70   Section        0  rt_task.o(i.rt_sys_start)
    i.rt_systick                             0x00002ee8   Section        0  rt_system.o(i.rt_systick)
    i.rt_tid2ptcb                            0x00002f28   Section        0  rt_cmsis.o(i.rt_tid2ptcb)
    rt_tid2ptcb                              0x00002f29   Thumb Code    18  rt_cmsis.o(i.rt_tid2ptcb)
    i.rt_timer_insert                        0x00002f3c   Section        0  rt_cmsis.o(i.rt_timer_insert)
    rt_timer_insert                          0x00002f3d   Thumb Code    48  rt_cmsis.o(i.rt_timer_insert)
    i.rt_tsk_create                          0x00002f70   Section        0  rt_task.o(i.rt_tsk_create)
    i.rt_tsk_delete                          0x00002ff8   Section        0  rt_task.o(i.rt_tsk_delete)
    i.rt_tsk_prio                            0x00003174   Section        0  rt_task.o(i.rt_tsk_prio)
    i.rt_tsk_self                            0x000031f0   Section        0  rt_task.o(i.rt_tsk_self)
    i.sqrt                                   0x00003200   Section        0  sqrt.o(i.sqrt)
    i.stdout_putchar                         0x0000324c   Section        0  retarget_io.o(i.stdout_putchar)
    stdout_putchar                           0x0000324d   Thumb Code    12  retarget_io.o(i.stdout_putchar)
    i.svcDelay                               0x00003258   Section        0  rt_cmsis.o(i.svcDelay)
    i.svcKernelInitialize                    0x0000326c   Section        0  rt_cmsis.o(i.svcKernelInitialize)
    i.svcKernelStart                         0x000032dc   Section        0  rt_cmsis.o(i.svcKernelStart)
    i.svcMessageCreate                       0x00003324   Section        0  rt_cmsis.o(i.svcMessageCreate)
    i.svcMessageGet                          0x00003348   Section        0  rt_cmsis.o(i.svcMessageGet)
    i.svcThreadCreate                        0x00003384   Section        0  rt_cmsis.o(i.svcThreadCreate)
    i.svcThreadGetId                         0x000033f0   Section        0  rt_cmsis.o(i.svcThreadGetId)
    i.svcThreadTerminate                     0x0000340c   Section        0  rt_cmsis.o(i.svcThreadTerminate)
    i.svcTimerCall                           0x00003444   Section        0  rt_cmsis.o(i.svcTimerCall)
    i.sysTimerTick                           0x0000345c   Section        0  rt_cmsis.o(i.sysTimerTick)
    .constdata                               0x000034b8   Section      128  thread.o(.constdata)
    .constdata                               0x00003538   Section      104  rtx_conf_cm.o(.constdata)
    __tagsym$$used                           0x00003554   Number         0  rtx_conf_cm.o(.constdata)
    __tagsym$$used                           0x00003558   Number         0  rtx_conf_cm.o(.constdata)
    __tagsym$$used                           0x0000355c   Number         0  rtx_conf_cm.o(.constdata)
    __tagsym$$used                           0x00003560   Number         0  rtx_conf_cm.o(.constdata)
    .constdata                               0x000035a0   Section      136  pow.o(.constdata)
    bp                                       0x000035a0   Data          16  pow.o(.constdata)
    dp_h                                     0x000035b0   Data          16  pow.o(.constdata)
    dp_l                                     0x000035c0   Data          16  pow.o(.constdata)
    L                                        0x000035d0   Data          48  pow.o(.constdata)
    P                                        0x00003600   Data          40  pow.o(.constdata)
    .constdata                               0x00003628   Section        8  qnan.o(.constdata)
    .data                                    0x10000000   Section       60  thread.o(.data)
    .data                                    0x1000003c   Section       20  rtx_conf_cm.o(.data)
    .data                                    0x10000050   Section        8  rt_cmsis.o(.data)
    .data                                    0x10000058   Section        8  rt_task.o(.data)
    .data                                    0x10000060   Section        8  rt_system.o(.data)
    os_lock                                  0x10000060   Data           1  rt_system.o(.data)
    os_psh_flag                              0x10000061   Data           1  rt_system.o(.data)
    pend_flags                               0x10000062   Data           1  rt_system.o(.data)
    .data                                    0x10000068   Section        4  rt_time.o(.data)
    .data                                    0x1000006c   Section        1  hal_cm.o(.data)
    .data                                    0x10000070   Section        8  rt_robin.o(.data)
    .data                                    0x10000078   Section        4  stdout.o(.data)
    .data                                    0x1000007c   Section        4  errno.o(.data)
    _errno                                   0x1000007c   Data           4  errno.o(.data)
    .bss                                     0x10000080   Section     7816  rtx_conf_cm.o(.bss)
    .bss                                     0x10001f08   Section       52  rt_task.o(.bss)
    .bss                                     0x10001f3c   Section       48  rt_list.o(.bss)
    STACK                                    0x10001f70   Section      512  startup_lpc17xx.o(STACK)

    Global Symbols

    Symbol Name                              Value     Ov Type        Size  Object(Section)

    BuildAttributes$$THM_ISAv4$P$D$K$B$S$PE$A:L22UL41UL21$X:L11$S22US41US21$IEEE1$IW$USESV6$~STKCKD$USESV7$~SHL$OTIME$ROPI$IEEEX$EBA8$MICROLIB$REQ8$PRES8$EABIv2 0x00000000   Number         0  anon$$obj.o ABSOLUTE
    __ARM_use_no_argv                        0x00000000   Number         0  main.o ABSOLUTE
    __Vectors                                0x00000000   Data           4  startup_lpc17xx.o(RESET)
    _printf_a                                0x00000000   Number         0  stubs.o ABSOLUTE
    _printf_c                                0x00000000   Number         0  stubs.o ABSOLUTE
    _printf_charcount                        0x00000000   Number         0  stubs.o ABSOLUTE
    _printf_d                                0x00000000   Number         0  stubs.o ABSOLUTE
    _printf_e                                0x00000000   Number         0  stubs.o ABSOLUTE
    _printf_f                                0x00000000   Number         0  stubs.o ABSOLUTE
    _printf_flags                            0x00000000   Number         0  stubs.o ABSOLUTE
    _printf_fp_dec                           0x00000000   Number         0  stubs.o ABSOLUTE
    _printf_fp_hex                           0x00000000   Number         0  stubs.o ABSOLUTE
    _printf_g                                0x00000000   Number         0  stubs.o ABSOLUTE
    _printf_i                                0x00000000   Number         0  stubs.o ABSOLUTE
    _printf_int_dec                          0x00000000   Number         0  stubs.o ABSOLUTE
    _printf_l                                0x00000000   Number         0  stubs.o ABSOLUTE
    _printf_lc                               0x00000000   Number         0  stubs.o ABSOLUTE
    _printf_ll                               0x00000000   Number         0  stubs.o ABSOLUTE
    _printf_lld                              0x00000000   Number         0  stubs.o ABSOLUTE
    _printf_lli                              0x00000000   Number         0  stubs.o ABSOLUTE
    _printf_llo                              0x00000000   Number         0  stubs.o ABSOLUTE
    _printf_llu                              0x00000000   Number         0  stubs.o ABSOLUTE
    _printf_llx                              0x00000000   Number         0  stubs.o ABSOLUTE
    _printf_longlong_dec                     0x00000000   Number         0  stubs.o ABSOLUTE
    _printf_longlong_hex                     0x00000000   Number         0  stubs.o ABSOLUTE
    _printf_longlong_oct                     0x00000000   Number         0  stubs.o ABSOLUTE
    _printf_ls                               0x00000000   Number         0  stubs.o ABSOLUTE
    _printf_mbtowc                           0x00000000   Number         0  stubs.o ABSOLUTE
    _printf_n                                0x00000000   Number         0  stubs.o ABSOLUTE
    _printf_o                                0x00000000   Number         0  stubs.o ABSOLUTE
    _printf_p                                0x00000000   Number         0  stubs.o ABSOLUTE
    _printf_percent                          0x00000000   Number         0  stubs.o ABSOLUTE
    _printf_pre_padding                      0x00000000   Number         0  stubs.o ABSOLUTE
    _printf_return_value                     0x00000000   Number         0  stubs.o ABSOLUTE
    _printf_s                                0x00000000   Number         0  stubs.o ABSOLUTE
    _printf_sizespec                         0x00000000   Number         0  stubs.o ABSOLUTE
    _printf_str                              0x00000000   Number         0  stubs.o ABSOLUTE
    _printf_truncate_signed                  0x00000000   Number         0  stubs.o ABSOLUTE
    _printf_truncate_unsigned                0x00000000   Number         0  stubs.o ABSOLUTE
    _printf_u                                0x00000000   Number         0  stubs.o ABSOLUTE
    _printf_wc                               0x00000000   Number         0  stubs.o ABSOLUTE
    _printf_wctomb                           0x00000000   Number         0  stubs.o ABSOLUTE
    _printf_widthprec                        0x00000000   Number         0  stubs.o ABSOLUTE
    _printf_x                                0x00000000   Number         0  stubs.o ABSOLUTE
    __arm_fini_                               - Undefined Weak Reference
    __cpp_initialize__aeabi_                  - Undefined Weak Reference
    __cxa_finalize                            - Undefined Weak Reference
    __decompress                              - Undefined Weak Reference
    _clock_init                               - Undefined Weak Reference
    _microlib_exit                            - Undefined Weak Reference
    __main                                   0x000000cd   Thumb Code     0  entry.o(.ARM.Collect$$$$00000000)
    _main_stk                                0x000000cd   Thumb Code     0  entry2.o(.ARM.Collect$$$$00000001)
    _main_scatterload                        0x000000d1   Thumb Code     0  entry5.o(.ARM.Collect$$$$00000004)
    __main_after_scatterload                 0x000000d5   Thumb Code     0  entry5.o(.ARM.Collect$$$$00000004)
    __rt_lib_shutdown_fini                   0x000000d5   Thumb Code     0  entry12b.o(.ARM.Collect$$$$0000000E)
    _main_clock                              0x000000d5   Thumb Code     0  entry7b.o(.ARM.Collect$$$$00000008)
    _main_cpp_init                           0x000000d5   Thumb Code     0  entry8b.o(.ARM.Collect$$$$0000000A)
    __rt_final_cpp                           0x000000d9   Thumb Code     0  entry10a.o(.ARM.Collect$$$$0000000F)
    __rt_final_exit                          0x000000d9   Thumb Code     0  entry11a.o(.ARM.Collect$$$$00000011)
    _main_init                               0x000000d9   Thumb Code    18  rtx_conf_cm.o(.ARM.Collect$$$$000000FF)
    rt_set_PSP                               0x000000f5   Thumb Code     6  hal_cm3.o(.emb_text)
    rt_get_PSP                               0x000000fb   Thumb Code     6  hal_cm3.o(.emb_text)
    os_set_env                               0x00000101   Thumb Code    24  hal_cm3.o(.emb_text)
    _alloc_box                               0x0000011d   Thumb Code    28  hal_cm3.o(.emb_text)
    _free_box                                0x0000013d   Thumb Code    28  hal_cm3.o(.emb_text)
    SVC_Handler                              0x0000015d   Thumb Code   108  hal_cm3.o(.emb_text)
    PendSV_Handler                           0x000001d5   Thumb Code    56  hal_cm3.o(.emb_text)
    SysTick_Handler                          0x00000211   Thumb Code     8  hal_cm3.o(.emb_text)
    OS_Tick_Handler                          0x00000219   Thumb Code    12  hal_cm3.o(.emb_text)
    Reset_Handler                            0x00000225   Thumb Code     8  startup_lpc17xx.o(.text)
    NMI_Handler                              0x0000022d   Thumb Code     2  startup_lpc17xx.o(.text)
    HardFault_Handler                        0x0000022f   Thumb Code     2  startup_lpc17xx.o(.text)
    MemManage_Handler                        0x00000231   Thumb Code     2  startup_lpc17xx.o(.text)
    BusFault_Handler                         0x00000233   Thumb Code     2  startup_lpc17xx.o(.text)
    UsageFault_Handler                       0x00000235   Thumb Code     2  startup_lpc17xx.o(.text)
    DebugMon_Handler                         0x00000239   Thumb Code     2  startup_lpc17xx.o(.text)
    ADC_IRQHandler                           0x0000023f   Thumb Code     0  startup_lpc17xx.o(.text)
    BOD_IRQHandler                           0x0000023f   Thumb Code     0  startup_lpc17xx.o(.text)
    CANActivity_IRQHandler                   0x0000023f   Thumb Code     0  startup_lpc17xx.o(.text)
    CAN_IRQHandler                           0x0000023f   Thumb Code     0  startup_lpc17xx.o(.text)
    DMA_IRQHandler                           0x0000023f   Thumb Code     0  startup_lpc17xx.o(.text)
    EINT0_IRQHandler                         0x0000023f   Thumb Code     0  startup_lpc17xx.o(.text)
    EINT1_IRQHandler                         0x0000023f   Thumb Code     0  startup_lpc17xx.o(.text)
    EINT2_IRQHandler                         0x0000023f   Thumb Code     0  startup_lpc17xx.o(.text)
    EINT3_IRQHandler                         0x0000023f   Thumb Code     0  startup_lpc17xx.o(.text)
    ENET_IRQHandler                          0x0000023f   Thumb Code     0  startup_lpc17xx.o(.text)
    I2C0_IRQHandler                          0x0000023f   Thumb Code     0  startup_lpc17xx.o(.text)
    I2C1_IRQHandler                          0x0000023f   Thumb Code     0  startup_lpc17xx.o(.text)
    I2C2_IRQHandler                          0x0000023f   Thumb Code     0  startup_lpc17xx.o(.text)
    I2S_IRQHandler                           0x0000023f   Thumb Code     0  startup_lpc17xx.o(.text)
    MCPWM_IRQHandler                         0x0000023f   Thumb Code     0  startup_lpc17xx.o(.text)
    PLL0_IRQHandler                          0x0000023f   Thumb Code     0  startup_lpc17xx.o(.text)
    PLL1_IRQHandler                          0x0000023f   Thumb Code     0  startup_lpc17xx.o(.text)
    PWM1_IRQHandler                          0x0000023f   Thumb Code     0  startup_lpc17xx.o(.text)
    QEI_IRQHandler                           0x0000023f   Thumb Code     0  startup_lpc17xx.o(.text)
    RIT_IRQHandler                           0x0000023f   Thumb Code     0  startup_lpc17xx.o(.text)
    RTC_IRQHandler                           0x0000023f   Thumb Code     0  startup_lpc17xx.o(.text)
    SPI_IRQHandler                           0x0000023f   Thumb Code     0  startup_lpc17xx.o(.text)
    SSP0_IRQHandler                          0x0000023f   Thumb Code     0  startup_lpc17xx.o(.text)
    SSP1_IRQHandler                          0x0000023f   Thumb Code     0  startup_lpc17xx.o(.text)
    TIMER0_IRQHandler                        0x0000023f   Thumb Code     0  startup_lpc17xx.o(.text)
    TIMER1_IRQHandler                        0x0000023f   Thumb Code     0  startup_lpc17xx.o(.text)
    TIMER2_IRQHandler                        0x0000023f   Thumb Code     0  startup_lpc17xx.o(.text)
    TIMER3_IRQHandler                        0x0000023f   Thumb Code     0  startup_lpc17xx.o(.text)
    UART0_IRQHandler                         0x0000023f   Thumb Code     0  startup_lpc17xx.o(.text)
    UART1_IRQHandler                         0x0000023f   Thumb Code     0  startup_lpc17xx.o(.text)
    UART2_IRQHandler                         0x0000023f   Thumb Code     0  startup_lpc17xx.o(.text)
    UART3_IRQHandler                         0x0000023f   Thumb Code     0  startup_lpc17xx.o(.text)
    USBActivity_IRQHandler                   0x0000023f   Thumb Code     0  startup_lpc17xx.o(.text)
    USB_IRQHandler                           0x0000023f   Thumb Code     0  startup_lpc17xx.o(.text)
    WDT_IRQHandler                           0x0000023f   Thumb Code     0  startup_lpc17xx.o(.text)
    __aeabi_uldivmod                         0x00000249   Thumb Code    98  uldiv.o(.text)
    __aeabi_i2d                              0x000002ab   Thumb Code    34  dflti.o(.text)
    __aeabi_uidiv                            0x000002cd   Thumb Code     0  uidiv.o(.text)
    __aeabi_uidivmod                         0x000002cd   Thumb Code    44  uidiv.o(.text)
    SVC_Count                                0x000002f8   Data           4  svc_table.o(SVC_TABLE)
    __I$use$fp                               0x000002f9   Thumb Code     0  iusefp.o(.text)
    SVC_Table                                0x000002fc   Data           0  svc_table.o(SVC_TABLE)
    __aeabi_dadd                             0x00000301   Thumb Code   322  dadd.o(.text)
    __aeabi_dsub                             0x00000443   Thumb Code     6  dadd.o(.text)
    __aeabi_drsub                            0x00000449   Thumb Code     6  dadd.o(.text)
    __aeabi_dmul                             0x0000044f   Thumb Code   228  dmul.o(.text)
    __RL_RTX_VER                             0x00000482   Number         0  rt_system.o ABSOLUTE
    __aeabi_ddiv                             0x00000533   Thumb Code   222  ddiv.o(.text)
    __aeabi_llsl                             0x00000611   Thumb Code    30  llshl.o(.text)
    _ll_shift_l                              0x00000611   Thumb Code     0  llshl.o(.text)
    __aeabi_llsr                             0x0000062f   Thumb Code    32  llushr.o(.text)
    _ll_ushift_r                             0x0000062f   Thumb Code     0  llushr.o(.text)
    __aeabi_lasr                             0x0000064f   Thumb Code    36  llsshr.o(.text)
    _ll_sshift_r                             0x0000064f   Thumb Code     0  llsshr.o(.text)
    _double_round                            0x00000673   Thumb Code    30  depilogue.o(.text)
    _double_epilogue                         0x00000691   Thumb Code   156  depilogue.o(.text)
    __ARM_scalbn                             0x0000072d   Thumb Code    46  dscalb.o(.text)
    scalbn                                   0x0000072d   Thumb Code     0  dscalb.o(.text)
    __aeabi_d2ulz                            0x0000075b   Thumb Code    48  dfixul.o(.text)
    __aeabi_cdrcmple                         0x0000078d   Thumb Code    48  cdrcmple.o(.text)
    __scatterload                            0x000007bd   Thumb Code    28  init.o(.text)
    __scatterload_rt2                        0x000007bd   Thumb Code     0  init.o(.text)
    _dsqrt                                   0x000007e1   Thumb Code   162  dsqrt.o(.text)
    ITM_SendChar                             0x00000885   Thumb Code    42  retarget_io.o(i.ITM_SendChar)
    Init_Thread                              0x000008b5   Thumb Code    54  thread.o(i.Init_Thread)
    SystemInit                               0x00000905   Thumb Code   302  system_lpc17xx.o(i.SystemInit)
    Thread1                                  0x00000a45   Thumb Code   108  thread.o(i.Thread1)
    Thread2                                  0x00000af9   Thumb Code   100  thread.o(i.Thread2)
    Thread3                                  0x00000ba5   Thumb Code   108  thread.o(i.Thread3)
    ThreadA                                  0x00000c59   Thumb Code    34  thread.o(i.ThreadA)
    ThreadB                                  0x00000c85   Thumb Code   108  thread.o(i.ThreadB)
    ThreadC                                  0x00000cf9   Thumb Code    96  thread.o(i.ThreadC)
    ThreadD                                  0x00000d65   Thumb Code   104  thread.o(i.ThreadD)
    ThreadE                                  0x00000ddd   Thumb Code   114  thread.o(i.ThreadE)
    __0printf                                0x00000e61   Thumb Code    22  printfa.o(i.__0printf)
    __1printf                                0x00000e61   Thumb Code     0  printfa.o(i.__0printf)
    __2printf                                0x00000e61   Thumb Code     0  printfa.o(i.__0printf)
    __c89printf                              0x00000e61   Thumb Code     0  printfa.o(i.__0printf)
    printf                                   0x00000e61   Thumb Code     0  printfa.o(i.__0printf)
    __ARM_fpclassify                         0x00000e81   Thumb Code    40  fpclassify.o(i.__ARM_fpclassify)
    __kernel_poly                            0x00000ea9   Thumb Code   170  poly.o(i.__kernel_poly)
    __mathlib_dbl_divzero                    0x00000f55   Thumb Code    12  dunder.o(i.__mathlib_dbl_divzero)
    __mathlib_dbl_infnan2                    0x00000f65   Thumb Code     4  dunder.o(i.__mathlib_dbl_infnan2)
    __mathlib_dbl_invalid                    0x00000f69   Thumb Code    12  dunder.o(i.__mathlib_dbl_invalid)
    __mathlib_dbl_overflow                   0x00000f75   Thumb Code    14  dunder.o(i.__mathlib_dbl_overflow)
    __mathlib_dbl_underflow                  0x00000f85   Thumb Code    10  dunder.o(i.__mathlib_dbl_underflow)
    __scatterload_copy                       0x00000f95   Thumb Code    14  handlers.o(i.__scatterload_copy)
    __scatterload_null                       0x00000fa3   Thumb Code     2  handlers.o(i.__scatterload_null)
    __scatterload_zeroinit                   0x00000fa5   Thumb Code    14  handlers.o(i.__scatterload_zeroinit)
    __set_errno                              0x00000fb5   Thumb Code     6  errno.o(i.__set_errno)
    _init_box                                0x00001145   Thumb Code    70  rt_membox.o(i._init_box)
    dbg_init                                 0x00001895   Thumb Code    34  hal_cm.o(i.dbg_init)
    dbg_task_notify                          0x000018c5   Thumb Code    32  hal_cm.o(i.dbg_task_notify)
    dbg_task_switch                          0x000018e5   Thumb Code    16  hal_cm.o(i.dbg_task_switch)
    factorial                                0x000018f5   Thumb Code    34  thread.o(i.factorial)
    fputc                                    0x0000191d   Thumb Code    26  retarget_io.o(i.fputc)
    isrMessageGet                            0x0000193d   Thumb Code    42  rt_cmsis.o(i.isrMessageGet)
    isrMessagePut                            0x00001967   Thumb Code    44  rt_cmsis.o(i.isrMessagePut)
    isr_mbx_receive                          0x00001995   Thumb Code    86  rt_mailbox.o(i.isr_mbx_receive)
    isr_mbx_send                             0x000019eb   Thumb Code    14  rt_mailbox.o(i.isr_mbx_send)
    main                                     0x000019f9   Thumb Code    26  main.o(i.main)
    osDelay                                  0x00001a15   Thumb Code    18  rt_cmsis.o(i.osDelay)
    osKernelInitialize                       0x00001a2d   Thumb Code    30  rt_cmsis.o(i.osKernelInitialize)
    osKernelStart                            0x00001a51   Thumb Code    98  rt_cmsis.o(i.osKernelStart)
    osMessageGet                             0x00001abd   Thumb Code    18  rt_cmsis.o(i.osMessageGet)
    osThreadCreate                           0x00001ad5   Thumb Code    36  rt_cmsis.o(i.osThreadCreate)
    osThreadExit                             0x00001b01   Thumb Code    14  rt_cmsis.o(i.osThreadExit)
    osTimerCall                              0x00001b19   Thumb Code     8  rt_cmsis.o(i.osTimerCall)
    osTimerThread                            0x00001b25   Thumb Code    38  rt_cmsis.o(i.osTimerThread)
    os_error                                 0x00001b51   Thumb Code    34  rtx_conf_cm.o(i.os_error)
    os_idle_demon                            0x00001b75   Thumb Code    14  rtx_conf_cm.o(i.os_idle_demon)
    os_tick_init                             0x00001b89   Thumb Code    32  rt_system.o(i.os_tick_init)
    os_tick_irqack                           0x00001bb1   Thumb Code     2  rt_system.o(i.os_tick_irqack)
    pow                                      0x00001bb5   Thumb Code  2512  pow.o(i.pow)
    rt_alloc_box                             0x0000258d   Thumb Code    26  rt_membox.o(i.rt_alloc_box)
    rt_alloc_mem                             0x000025a7   Thumb Code    62  rt_memory.o(i.rt_alloc_mem)
    rt_block                                 0x000025e5   Thumb Code    48  rt_task.o(i.rt_block)
    rt_chk_robin                             0x0000261d   Thumb Code    60  rt_robin.o(i.rt_chk_robin)
    rt_dec_dly                               0x00002665   Thumb Code   102  rt_list.o(i.rt_dec_dly)
    rt_dispatch                              0x000026d5   Thumb Code    60  rt_task.o(i.rt_dispatch)
    rt_dly_wait                              0x00002719   Thumb Code     6  rt_time.o(i.rt_dly_wait)
    rt_evt_psh                               0x00002721   Thumb Code    76  rt_event.o(i.rt_evt_psh)
    rt_free_box                              0x00002771   Thumb Code    44  rt_membox.o(i.rt_free_box)
    rt_free_mem                              0x0000279d   Thumb Code    40  rt_memory.o(i.rt_free_mem)
    rt_get_first                             0x000027c5   Thumb Code    40  rt_list.o(i.rt_get_first)
    rt_init_mem                              0x0000283d   Thumb Code    26  rt_memory.o(i.rt_init_mem)
    rt_init_robin                            0x00002859   Thumb Code    14  rt_robin.o(i.rt_init_robin)
    rt_init_stack                            0x00002871   Thumb Code   118  hal_cm.o(i.rt_init_stack)
    rt_mbx_check                             0x000028f1   Thumb Code     8  rt_mailbox.o(i.rt_mbx_check)
    rt_mbx_init                              0x000028f9   Thumb Code    26  rt_mailbox.o(i.rt_mbx_init)
    rt_mbx_psh                               0x00002915   Thumb Code   236  rt_mailbox.o(i.rt_mbx_psh)
    rt_mbx_wait                              0x00002a05   Thumb Code   174  rt_mailbox.o(i.rt_mbx_wait)
    rt_pop_req                               0x00002afd   Thumb Code   112  rt_system.o(i.rt_pop_req)
    rt_psh_req                               0x00002b79   Thumb Code    22  rt_system.o(i.rt_psh_req)
    rt_psq_enq                               0x00002b99   Thumb Code    88  rt_list.o(i.rt_psq_enq)
    rt_put_dly                               0x00002bf5   Thumb Code    68  rt_list.o(i.rt_put_dly)
    rt_put_prio                              0x00002c3d   Thumb Code    54  rt_list.o(i.rt_put_prio)
    rt_put_rdy_first                         0x00002c75   Thumb Code    14  rt_list.o(i.rt_put_rdy_first)
    rt_resort_prio                           0x00002c89   Thumb Code    46  rt_list.o(i.rt_resort_prio)
    rt_ret_val                               0x00002cbd   Thumb Code     6  hal_cm.o(i.rt_ret_val)
    rt_ret_val2                              0x00002cc3   Thumb Code     8  hal_cm.o(i.rt_ret_val2)
    rt_rmv_dly                               0x00002ccb   Thumb Code    40  rt_list.o(i.rt_rmv_dly)
    rt_rmv_list                              0x00002cf5   Thumb Code    44  rt_list.o(i.rt_rmv_list)
    rt_sem_psh                               0x00002d25   Thumb Code    48  rt_semaphore.o(i.rt_sem_psh)
    rt_stk_check                             0x00002d59   Thumb Code    28  rt_system.o(i.rt_stk_check)
    rt_switch_req                            0x00002d7d   Thumb Code    30  rt_task.o(i.rt_switch_req)
    rt_sys_init                              0x00002da5   Thumb Code   138  rt_task.o(i.rt_sys_init)
    rt_sys_start                             0x00002e71   Thumb Code   110  rt_task.o(i.rt_sys_start)
    rt_systick                               0x00002ee9   Thumb Code    50  rt_system.o(i.rt_systick)
    rt_tsk_create                            0x00002f71   Thumb Code   118  rt_task.o(i.rt_tsk_create)
    rt_tsk_delete                            0x00002ff9   Thumb Code   352  rt_task.o(i.rt_tsk_delete)
    rt_tsk_prio                              0x00003175   Thumb Code   108  rt_task.o(i.rt_tsk_prio)
    rt_tsk_self                              0x000031f1   Thumb Code    12  rt_task.o(i.rt_tsk_self)
    sqrt                                     0x00003201   Thumb Code    76  sqrt.o(i.sqrt)
    svcDelay                                 0x00003259   Thumb Code    18  rt_cmsis.o(i.svcDelay)
    svcKernelInitialize                      0x0000326d   Thumb Code    80  rt_cmsis.o(i.svcKernelInitialize)
    svcKernelStart                           0x000032dd   Thumb Code    62  rt_cmsis.o(i.svcKernelStart)
    svcMessageCreate                         0x00003325   Thumb Code    36  rt_cmsis.o(i.svcMessageCreate)
    svcMessageGet                            0x00003349   Thumb Code    58  rt_cmsis.o(i.svcMessageGet)
    svcThreadCreate                          0x00003385   Thumb Code    96  rt_cmsis.o(i.svcThreadCreate)
    svcThreadGetId                           0x000033f1   Thumb Code    22  rt_cmsis.o(i.svcThreadGetId)
    svcThreadTerminate                       0x0000340d   Thumb Code    50  rt_cmsis.o(i.svcThreadTerminate)
    svcTimerCall                             0x00003445   Thumb Code    24  rt_cmsis.o(i.svcTimerCall)
    sysTimerTick                             0x0000345d   Thumb Code    84  rt_cmsis.o(i.sysTimerTick)
    os_thread_def_Thread1                    0x000034b8   Data          16  thread.o(.constdata)
    os_thread_def_Thread2                    0x000034c8   Data          16  thread.o(.constdata)
    os_thread_def_Thread3                    0x000034d8   Data          16  thread.o(.constdata)
    os_thread_def_ThreadA                    0x000034e8   Data          16  thread.o(.constdata)
    os_thread_def_ThreadB                    0x000034f8   Data          16  thread.o(.constdata)
    os_thread_def_ThreadC                    0x00003508   Data          16  thread.o(.constdata)
    os_thread_def_ThreadD                    0x00003518   Data          16  thread.o(.constdata)
    os_thread_def_ThreadE                    0x00003528   Data          16  thread.o(.constdata)
    os_maxtaskrun                            0x00003538   Data           2  rtx_conf_cm.o(.constdata)
    os_stackinfo                             0x0000353c   Data           4  rtx_conf_cm.o(.constdata)
    os_rrobin                                0x00003540   Data           4  rtx_conf_cm.o(.constdata)
    os_tickfreq                              0x00003544   Data           4  rtx_conf_cm.o(.constdata)
    os_tickus_i                              0x00003548   Data           2  rtx_conf_cm.o(.constdata)
    os_tickus_f                              0x0000354a   Data           2  rtx_conf_cm.o(.constdata)
    os_trv                                   0x0000354c   Data           4  rtx_conf_cm.o(.constdata)
    os_flags                                 0x00003550   Data           1  rtx_conf_cm.o(.constdata)
    CMSIS_RTOS_API_Version                   0x00003554   Data           4  rtx_conf_cm.o(.constdata)
    CMSIS_RTOS_RTX_Version                   0x00003558   Data           4  rtx_conf_cm.o(.constdata)
    os_clockrate                             0x0000355c   Data           4  rtx_conf_cm.o(.constdata)
    os_timernum                              0x00003560   Data           4  rtx_conf_cm.o(.constdata)
    mp_tcb_size                              0x00003564   Data           2  rtx_conf_cm.o(.constdata)
    mp_stk_size                              0x00003568   Data           4  rtx_conf_cm.o(.constdata)
    os_stack_sz                              0x0000356c   Data           4  rtx_conf_cm.o(.constdata)
    os_fifo_size                             0x00003570   Data           1  rtx_conf_cm.o(.constdata)
    os_thread_def_osTimerThread              0x00003574   Data          16  rtx_conf_cm.o(.constdata)
    os_messageQ_def_osTimerMessageQ          0x00003584   Data           8  rtx_conf_cm.o(.constdata)
    mp_tmr_size                              0x0000358c   Data           2  rtx_conf_cm.o(.constdata)
    os_thread_def_main                       0x00003590   Data          16  rtx_conf_cm.o(.constdata)
    __mathlib_zero                           0x00003628   Data           8  qnan.o(.constdata)
    Region$$Table$$Base                      0x00003630   Number         0  anon$$obj.o(Region$$Table)
    Region$$Table$$Limit                     0x00003650   Number         0  anon$$obj.o(Region$$Table)
    counta                                   0x10000000   Data           4  thread.o(.data)
    countb                                   0x10000004   Data           4  thread.o(.data)
    countc                                   0x10000008   Data           4  thread.o(.data)
    tid_Thread                               0x1000000c   Data           4  thread.o(.data)
    tid2_Thread                              0x10000010   Data           4  thread.o(.data)
    tid3_Thread                              0x10000014   Data           4  thread.o(.data)
    tidA_Thread                              0x10000018   Data           4  thread.o(.data)
    tidB_Thread                              0x1000001c   Data           4  thread.o(.data)
    tidC_Thread                              0x10000020   Data           4  thread.o(.data)
    tidD_Thread                              0x10000024   Data           4  thread.o(.data)
    tidE_Thread                              0x10000028   Data           4  thread.o(.data)
    x                                        0x1000002c   Data           4  thread.o(.data)
    a                                        0x10000030   Data           4  thread.o(.data)
    b                                        0x10000034   Data           4  thread.o(.data)
    temp                                     0x10000038   Data           4  thread.o(.data)
    countIDLE                                0x1000003c   Data           4  rtx_conf_cm.o(.data)
    osThreadId_osTimerThread                 0x10000040   Data           4  rtx_conf_cm.o(.data)
    osMessageQId_osTimerMessageQ             0x10000044   Data           4  rtx_conf_cm.o(.data)
    os_tmr                                   0x10000048   Data           4  rtx_conf_cm.o(.data)
    m_tmr                                    0x1000004c   Data           4  rtx_conf_cm.o(.data)
    os_initialized                           0x10000050   Data           1  rt_cmsis.o(.data)
    os_running                               0x10000051   Data           1  rt_cmsis.o(.data)
    os_timer_head                            0x10000054   Data           4  rt_cmsis.o(.data)
    os_tsk                                   0x10000058   Data           8  rt_task.o(.data)
    os_tick_irqn                             0x10000064   Data           4  rt_system.o(.data)
    os_time                                  0x10000068   Data           4  rt_time.o(.data)
    dbg_msg                                  0x1000006c   Data           1  hal_cm.o(.data)
    os_robin                                 0x10000070   Data           8  rt_robin.o(.data)
    __stdout                                 0x10000078   Data           4  stdout.o(.data)
    mp_tcb                                   0x10000080   Data         376  rtx_conf_cm.o(.bss)
    mp_stk                                   0x100001f8   Data        6016  rtx_conf_cm.o(.bss)
    os_stack_mem                             0x10001978   Data        1232  rtx_conf_cm.o(.bss)
    os_fifo                                  0x10001e48   Data         132  rtx_conf_cm.o(.bss)
    os_active_TCB                            0x10001ecc   Data          28  rtx_conf_cm.o(.bss)
    os_messageQ_q_osTimerMessageQ            0x10001ee8   Data          32  rtx_conf_cm.o(.bss)
    os_idle_TCB                              0x10001f08   Data          52  rt_task.o(.bss)
    os_rdy                                   0x10001f3c   Data          24  rt_list.o(.bss)
    os_dly                                   0x10001f54   Data          24  rt_list.o(.bss)
    __initial_sp                             0x10002170   Data           0  startup_lpc17xx.o(STACK)



==============================================================================

Memory Map of the image

  Image Entry point : 0x00000225

  Load Region LR_1 (Base: 0x00000000, Size: 0x000036d0, Max: 0xffffffff, ABSOLUTE)

    Execution Region ER_RO (Exec base: 0x00000000, Load base: 0x00000000, Size: 0x00003650, Max: 0xffffffff, ABSOLUTE)

    Exec Addr    Load Addr    Size         Type   Attr      Idx    E Section Name        Object

    0x00000000   0x00000000   0x000000cc   Data   RO          360    RESET               startup_lpc17xx.o
    0x000000cc   0x000000cc   0x00000000   Code   RO         1625  * .ARM.Collect$$$$00000000  mc_w.l(entry.o)
    0x000000cc   0x000000cc   0x00000004   Code   RO         1932    .ARM.Collect$$$$00000001  mc_w.l(entry2.o)
    0x000000d0   0x000000d0   0x00000004   Code   RO         1935    .ARM.Collect$$$$00000004  mc_w.l(entry5.o)
    0x000000d4   0x000000d4   0x00000000   Code   RO         1937    .ARM.Collect$$$$00000008  mc_w.l(entry7b.o)
    0x000000d4   0x000000d4   0x00000000   Code   RO         1939    .ARM.Collect$$$$0000000A  mc_w.l(entry8b.o)
    0x000000d4   0x000000d4   0x00000004   Code   RO         1945    .ARM.Collect$$$$0000000E  mc_w.l(entry12b.o)
    0x000000d8   0x000000d8   0x00000000   Code   RO         1940    .ARM.Collect$$$$0000000F  mc_w.l(entry10a.o)
    0x000000d8   0x000000d8   0x00000000   Code   RO         1942    .ARM.Collect$$$$00000011  mc_w.l(entry11a.o)
    0x000000d8   0x000000d8   0x00000018   Code   RO          148    .ARM.Collect$$$$000000FF  rtx_conf_cm.o
    0x000000f0   0x000000f0   0x00000004   Code   RO         1933    .ARM.Collect$$$$00002712  mc_w.l(entry2.o)
    0x000000f4   0x000000f4   0x00000130   Code   RO         1602    .emb_text           RTX_CM3.lib(hal_cm3.o)
    0x00000224   0x00000224   0x00000024   Code   RO          362  * .text               startup_lpc17xx.o
    0x00000248   0x00000248   0x00000062   Code   RO         1634    .text               mc_w.l(uldiv.o)
    0x000002aa   0x000002aa   0x00000022   Code   RO         1903    .text               mf_w.l(dflti.o)
    0x000002cc   0x000002cc   0x0000002c   Code   RO         1946    .text               mc_w.l(uidiv.o)
    0x000002f8   0x000002f8   0x00000000   Code   RO         1961    .text               mc_w.l(iusefp.o)
    0x000002f8   0x000002f8   0x00000004   Code   RO         1612    SVC_TABLE           RTX_CM3.lib(svc_table.o)
    0x000002fc   0x000002fc   0x00000004   Code   RO          361    .ARM.__at_0x02FC    startup_lpc17xx.o
    0x00000300   0x00000300   0x0000014e   Code   RO         1897    .text               mf_w.l(dadd.o)
    0x0000044e   0x0000044e   0x000000e4   Code   RO         1899    .text               mf_w.l(dmul.o)
    0x00000532   0x00000532   0x000000de   Code   RO         1901    .text               mf_w.l(ddiv.o)
    0x00000610   0x00000610   0x0000001e   Code   RO         1948    .text               mc_w.l(llshl.o)
    0x0000062e   0x0000062e   0x00000020   Code   RO         1950    .text               mc_w.l(llushr.o)
    0x0000064e   0x0000064e   0x00000024   Code   RO         1952    .text               mc_w.l(llsshr.o)
    0x00000672   0x00000672   0x000000ba   Code   RO         1962    .text               mf_w.l(depilogue.o)
    0x0000072c   0x0000072c   0x0000002e   Code   RO         1964    .text               mf_w.l(dscalb.o)
    0x0000075a   0x0000075a   0x00000030   Code   RO         1966    .text               mf_w.l(dfixul.o)
    0x0000078a   0x0000078a   0x00000002   PAD
    0x0000078c   0x0000078c   0x00000030   Code   RO         1968    .text               mf_w.l(cdrcmple.o)
    0x000007bc   0x000007bc   0x00000024   Code   RO         1970    .text               mc_w.l(init.o)
    0x000007e0   0x000007e0   0x000000a2   Code   RO         1972    .text               mf_w.l(dsqrt.o)
    0x00000882   0x00000882   0x00000002   PAD
    0x00000884   0x00000884   0x00000030   Code   RO          184    i.ITM_SendChar      retarget_io.o
    0x000008b4   0x000008b4   0x00000050   Code   RO           32    i.Init_Thread       thread.o
    0x00000904   0x00000904   0x00000140   Code   RO          372    i.SystemInit        system_lpc17xx.o
    0x00000a44   0x00000a44   0x000000b4   Code   RO           33    i.Thread1           thread.o
    0x00000af8   0x00000af8   0x000000ac   Code   RO           34    i.Thread2           thread.o
    0x00000ba4   0x00000ba4   0x000000b4   Code   RO           35    i.Thread3           thread.o
    0x00000c58   0x00000c58   0x0000002c   Code   RO           36    i.ThreadA           thread.o
    0x00000c84   0x00000c84   0x00000074   Code   RO           37    i.ThreadB           thread.o
    0x00000cf8   0x00000cf8   0x0000006c   Code   RO           38    i.ThreadC           thread.o
    0x00000d64   0x00000d64   0x00000078   Code   RO           39    i.ThreadD           thread.o
    0x00000ddc   0x00000ddc   0x00000084   Code   RO           40    i.ThreadE           thread.o
    0x00000e60   0x00000e60   0x00000020   Code   RO         1869    i.__0printf         mc_w.l(printfa.o)
    0x00000e80   0x00000e80   0x00000028   Code   RO         1919    i.__ARM_fpclassify  m_ws.l(fpclassify.o)
    0x00000ea8   0x00000ea8   0x000000aa   Code   RO         1921    i.__kernel_poly     m_ws.l(poly.o)
    0x00000f52   0x00000f52   0x00000002   PAD
    0x00000f54   0x00000f54   0x00000010   Code   RO         1905    i.__mathlib_dbl_divzero  m_ws.l(dunder.o)
    0x00000f64   0x00000f64   0x00000004   Code   RO         1907    i.__mathlib_dbl_infnan2  m_ws.l(dunder.o)
    0x00000f68   0x00000f68   0x0000000c   Code   RO         1908    i.__mathlib_dbl_invalid  m_ws.l(dunder.o)
    0x00000f74   0x00000f74   0x0000000e   Code   RO         1909    i.__mathlib_dbl_overflow  m_ws.l(dunder.o)
    0x00000f82   0x00000f82   0x00000002   PAD
    0x00000f84   0x00000f84   0x00000010   Code   RO         1911    i.__mathlib_dbl_underflow  m_ws.l(dunder.o)
    0x00000f94   0x00000f94   0x0000000e   Code   RO         1978    i.__scatterload_copy  mc_w.l(handlers.o)
    0x00000fa2   0x00000fa2   0x00000002   Code   RO         1979    i.__scatterload_null  mc_w.l(handlers.o)
    0x00000fa4   0x00000fa4   0x0000000e   Code   RO         1980    i.__scatterload_zeroinit  mc_w.l(handlers.o)
    0x00000fb2   0x00000fb2   0x00000002   PAD
    0x00000fb4   0x00000fb4   0x0000000c   Code   RO         1956    i.__set_errno       mc_w.l(errno.o)
    0x00000fc0   0x00000fc0   0x00000184   Code   RO         1876    i._fp_digits        mc_w.l(printfa.o)
    0x00001144   0x00001144   0x00000046   Code   RO         1480    i._init_box         RTX_CM3.lib(rt_membox.o)
    0x0000118a   0x0000118a   0x00000002   PAD
    0x0000118c   0x0000118c   0x000006b4   Code   RO         1877    i._printf_core      mc_w.l(printfa.o)
    0x00001840   0x00001840   0x00000024   Code   RO         1878    i._printf_post_padding  mc_w.l(printfa.o)
    0x00001864   0x00001864   0x0000002e   Code   RO         1879    i._printf_pre_padding  mc_w.l(printfa.o)
    0x00001892   0x00001892   0x00000002   PAD
    0x00001894   0x00001894   0x00000030   Code   RO         1533    i.dbg_init          RTX_CM3.lib(hal_cm.o)
    0x000018c4   0x000018c4   0x00000020   Code   RO         1534    i.dbg_task_notify   RTX_CM3.lib(hal_cm.o)
    0x000018e4   0x000018e4   0x00000010   Code   RO         1535    i.dbg_task_switch   RTX_CM3.lib(hal_cm.o)
    0x000018f4   0x000018f4   0x00000028   Code   RO           41    i.factorial         thread.o
    0x0000191c   0x0000191c   0x00000020   Code   RO          189    i.fputc             retarget_io.o
    0x0000193c   0x0000193c   0x0000002a   Code   RO          407    i.isrMessageGet     RTX_CM3.lib(rt_cmsis.o)
    0x00001966   0x00001966   0x0000002c   Code   RO          408    i.isrMessagePut     RTX_CM3.lib(rt_cmsis.o)
    0x00001992   0x00001992   0x00000002   PAD
    0x00001994   0x00001994   0x00000056   Code   RO         1326    i.isr_mbx_receive   RTX_CM3.lib(rt_mailbox.o)
    0x000019ea   0x000019ea   0x0000000e   Code   RO         1327    i.isr_mbx_send      RTX_CM3.lib(rt_mailbox.o)
    0x000019f8   0x000019f8   0x0000001a   Code   RO            1    i.main              main.o
    0x00001a12   0x00001a12   0x00000002   PAD
    0x00001a14   0x00001a14   0x00000018   Code   RO          411    i.osDelay           RTX_CM3.lib(rt_cmsis.o)
    0x00001a2c   0x00001a2c   0x00000024   Code   RO          412    i.osKernelInitialize  RTX_CM3.lib(rt_cmsis.o)
    0x00001a50   0x00001a50   0x0000006c   Code   RO          414    i.osKernelStart     RTX_CM3.lib(rt_cmsis.o)
    0x00001abc   0x00001abc   0x00000018   Code   RO          423    i.osMessageGet      RTX_CM3.lib(rt_cmsis.o)
    0x00001ad4   0x00001ad4   0x0000002c   Code   RO          440    i.osThreadCreate    RTX_CM3.lib(rt_cmsis.o)
    0x00001b00   0x00001b00   0x00000018   Code   RO          441    i.osThreadExit      RTX_CM3.lib(rt_cmsis.o)
    0x00001b18   0x00001b18   0x0000000c   Code   RO          447    i.osTimerCall       RTX_CM3.lib(rt_cmsis.o)
    0x00001b24   0x00001b24   0x0000002c   Code   RO          452    i.osTimerThread     RTX_CM3.lib(rt_cmsis.o)
    0x00001b50   0x00001b50   0x00000022   Code   RO          149    i.os_error          rtx_conf_cm.o
    0x00001b72   0x00001b72   0x00000002   PAD
    0x00001b74   0x00001b74   0x00000014   Code   RO          150    i.os_idle_demon     rtx_conf_cm.o
    0x00001b88   0x00001b88   0x00000028   Code   RO         1114    i.os_tick_init      RTX_CM3.lib(rt_system.o)
    0x00001bb0   0x00001bb0   0x00000002   Code   RO         1115    i.os_tick_irqack    RTX_CM3.lib(rt_system.o)
    0x00001bb2   0x00001bb2   0x00000002   PAD
    0x00001bb4   0x00001bb4   0x000009d8   Code   RO         1616    i.pow               m_ws.l(pow.o)
    0x0000258c   0x0000258c   0x0000001a   Code   RO         1481    i.rt_alloc_box      RTX_CM3.lib(rt_membox.o)
    0x000025a6   0x000025a6   0x0000003e   Code   RO         1509    i.rt_alloc_mem      RTX_CM3.lib(rt_memory.o)
    0x000025e4   0x000025e4   0x00000038   Code   RO         1029    i.rt_block          RTX_CM3.lib(rt_task.o)
    0x0000261c   0x0000261c   0x00000048   Code   RO         1581    i.rt_chk_robin      RTX_CM3.lib(rt_robin.o)
    0x00002664   0x00002664   0x00000070   Code   RO         1250    i.rt_dec_dly        RTX_CM3.lib(rt_list.o)
    0x000026d4   0x000026d4   0x00000044   Code   RO         1030    i.rt_dispatch       RTX_CM3.lib(rt_task.o)
    0x00002718   0x00002718   0x00000006   Code   RO         1416    i.rt_dly_wait       RTX_CM3.lib(rt_time.o)
    0x0000271e   0x0000271e   0x00000002   PAD
    0x00002720   0x00002720   0x00000050   Code   RO         1207    i.rt_evt_psh        RTX_CM3.lib(rt_event.o)
    0x00002770   0x00002770   0x0000002c   Code   RO         1482    i.rt_free_box       RTX_CM3.lib(rt_membox.o)
    0x0000279c   0x0000279c   0x00000028   Code   RO         1510    i.rt_free_mem       RTX_CM3.lib(rt_memory.o)
    0x000027c4   0x000027c4   0x00000028   Code   RO         1251    i.rt_get_first      RTX_CM3.lib(rt_list.o)
    0x000027ec   0x000027ec   0x00000008   Code   RO          457    i.rt_id2obj         RTX_CM3.lib(rt_cmsis.o)
    0x000027f4   0x000027f4   0x00000048   Code   RO         1031    i.rt_init_context   RTX_CM3.lib(rt_task.o)
    0x0000283c   0x0000283c   0x0000001a   Code   RO         1511    i.rt_init_mem       RTX_CM3.lib(rt_memory.o)
    0x00002856   0x00002856   0x00000002   PAD
    0x00002858   0x00002858   0x00000018   Code   RO         1582    i.rt_init_robin     RTX_CM3.lib(rt_robin.o)
    0x00002870   0x00002870   0x00000080   Code   RO         1536    i.rt_init_stack     RTX_CM3.lib(hal_cm.o)
    0x000028f0   0x000028f0   0x00000008   Code   RO         1328    i.rt_mbx_check      RTX_CM3.lib(rt_mailbox.o)
    0x000028f8   0x000028f8   0x0000001a   Code   RO         1329    i.rt_mbx_init       RTX_CM3.lib(rt_mailbox.o)
    0x00002912   0x00002912   0x00000002   PAD
    0x00002914   0x00002914   0x000000f0   Code   RO         1330    i.rt_mbx_psh        RTX_CM3.lib(rt_mailbox.o)
    0x00002a04   0x00002a04   0x000000b4   Code   RO         1332    i.rt_mbx_wait       RTX_CM3.lib(rt_mailbox.o)
    0x00002ab8   0x00002ab8   0x00000044   Code   RO          458    i.rt_ms2tick        RTX_CM3.lib(rt_cmsis.o)
    0x00002afc   0x00002afc   0x0000007c   Code   RO         1118    i.rt_pop_req        RTX_CM3.lib(rt_system.o)
    0x00002b78   0x00002b78   0x00000020   Code   RO         1119    i.rt_psh_req        RTX_CM3.lib(rt_system.o)
    0x00002b98   0x00002b98   0x0000005c   Code   RO         1253    i.rt_psq_enq        RTX_CM3.lib(rt_list.o)
    0x00002bf4   0x00002bf4   0x00000048   Code   RO         1254    i.rt_put_dly        RTX_CM3.lib(rt_list.o)
    0x00002c3c   0x00002c3c   0x00000036   Code   RO         1255    i.rt_put_prio       RTX_CM3.lib(rt_list.o)
    0x00002c72   0x00002c72   0x00000002   PAD
    0x00002c74   0x00002c74   0x00000014   Code   RO         1256    i.rt_put_rdy_first  RTX_CM3.lib(rt_list.o)
    0x00002c88   0x00002c88   0x00000034   Code   RO         1257    i.rt_resort_prio    RTX_CM3.lib(rt_list.o)
    0x00002cbc   0x00002cbc   0x00000006   Code   RO         1537    i.rt_ret_val        RTX_CM3.lib(hal_cm.o)
    0x00002cc2   0x00002cc2   0x00000008   Code   RO         1538    i.rt_ret_val2       RTX_CM3.lib(hal_cm.o)
    0x00002cca   0x00002cca   0x00000028   Code   RO         1258    i.rt_rmv_dly        RTX_CM3.lib(rt_list.o)
    0x00002cf2   0x00002cf2   0x00000002   PAD
    0x00002cf4   0x00002cf4   0x00000030   Code   RO         1259    i.rt_rmv_list       RTX_CM3.lib(rt_list.o)
    0x00002d24   0x00002d24   0x00000034   Code   RO         1377    i.rt_sem_psh        RTX_CM3.lib(rt_semaphore.o)
    0x00002d58   0x00002d58   0x00000024   Code   RO         1121    i.rt_stk_check      RTX_CM3.lib(rt_system.o)
    0x00002d7c   0x00002d7c   0x00000028   Code   RO         1032    i.rt_switch_req     RTX_CM3.lib(rt_task.o)
    0x00002da4   0x00002da4   0x000000cc   Code   RO         1033    i.rt_sys_init       RTX_CM3.lib(rt_task.o)
    0x00002e70   0x00002e70   0x00000078   Code   RO         1034    i.rt_sys_start      RTX_CM3.lib(rt_task.o)
    0x00002ee8   0x00002ee8   0x00000040   Code   RO         1123    i.rt_systick        RTX_CM3.lib(rt_system.o)
    0x00002f28   0x00002f28   0x00000012   Code   RO          459    i.rt_tid2ptcb       RTX_CM3.lib(rt_cmsis.o)
    0x00002f3a   0x00002f3a   0x00000002   PAD
    0x00002f3c   0x00002f3c   0x00000034   Code   RO          460    i.rt_timer_insert   RTX_CM3.lib(rt_cmsis.o)
    0x00002f70   0x00002f70   0x00000088   Code   RO         1035    i.rt_tsk_create     RTX_CM3.lib(rt_task.o)
    0x00002ff8   0x00002ff8   0x0000017c   Code   RO         1036    i.rt_tsk_delete     RTX_CM3.lib(rt_task.o)
    0x00003174   0x00003174   0x0000007c   Code   RO         1038    i.rt_tsk_prio       RTX_CM3.lib(rt_task.o)
    0x000031f0   0x000031f0   0x00000010   Code   RO         1039    i.rt_tsk_self       RTX_CM3.lib(rt_task.o)
    0x00003200   0x00003200   0x0000004c   Code   RO         1925    i.sqrt              m_ws.l(sqrt.o)
    0x0000324c   0x0000324c   0x0000000c   Code   RO          190    i.stdout_putchar    retarget_io.o
    0x00003258   0x00003258   0x00000012   Code   RO          462    i.svcDelay          RTX_CM3.lib(rt_cmsis.o)
    0x0000326a   0x0000326a   0x00000002   PAD
    0x0000326c   0x0000326c   0x00000070   Code   RO          463    i.svcKernelInitialize  RTX_CM3.lib(rt_cmsis.o)
    0x000032dc   0x000032dc   0x00000048   Code   RO          465    i.svcKernelStart    RTX_CM3.lib(rt_cmsis.o)
    0x00003324   0x00003324   0x00000024   Code   RO          468    i.svcMessageCreate  RTX_CM3.lib(rt_cmsis.o)
    0x00003348   0x00003348   0x0000003a   Code   RO          469    i.svcMessageGet     RTX_CM3.lib(rt_cmsis.o)
    0x00003382   0x00003382   0x00000002   PAD
    0x00003384   0x00003384   0x0000006c   Code   RO          483    i.svcThreadCreate   RTX_CM3.lib(rt_cmsis.o)
    0x000033f0   0x000033f0   0x0000001c   Code   RO          484    i.svcThreadGetId    RTX_CM3.lib(rt_cmsis.o)
    0x0000340c   0x0000340c   0x00000038   Code   RO          487    i.svcThreadTerminate  RTX_CM3.lib(rt_cmsis.o)
    0x00003444   0x00003444   0x00000018   Code   RO          489    i.svcTimerCall      RTX_CM3.lib(rt_cmsis.o)
    0x0000345c   0x0000345c   0x0000005c   Code   RO          498    i.sysTimerTick      RTX_CM3.lib(rt_cmsis.o)
    0x000034b8   0x000034b8   0x00000080   Data   RO           42    .constdata          thread.o
    0x00003538   0x00003538   0x00000068   Data   RO          152    .constdata          rtx_conf_cm.o
    0x000035a0   0x000035a0   0x00000088   Data   RO         1617    .constdata          m_ws.l(pow.o)
    0x00003628   0x00003628   0x00000008   Data   RO         1923    .constdata          m_ws.l(qnan.o)
    0x00003630   0x00003630   0x00000020   Data   RO         1976    Region$$Table       anon$$obj.o


    Execution Region ER_RW (Exec base: 0x10000000, Load base: 0x00003650, Size: 0x00000080, Max: 0xffffffff, ABSOLUTE)

    Exec Addr    Load Addr    Size         Type   Attr      Idx    E Section Name        Object

    0x10000000   0x00003650   0x0000003c   Data   RW           43    .data               thread.o
    0x1000003c   0x0000368c   0x00000014   Data   RW          153    .data               rtx_conf_cm.o
    0x10000050   0x000036a0   0x00000008   Data   RW          501    .data               RTX_CM3.lib(rt_cmsis.o)
    0x10000058   0x000036a8   0x00000008   Data   RW         1041    .data               RTX_CM3.lib(rt_task.o)
    0x10000060   0x000036b0   0x00000008   Data   RW         1126    .data               RTX_CM3.lib(rt_system.o)
    0x10000068   0x000036b8   0x00000004   Data   RW         1420    .data               RTX_CM3.lib(rt_time.o)
    0x1000006c   0x000036bc   0x00000001   Data   RW         1539    .data               RTX_CM3.lib(hal_cm.o)
    0x1000006d   0x000036bd   0x00000003   PAD
    0x10000070   0x000036c0   0x00000008   Data   RW         1583    .data               RTX_CM3.lib(rt_robin.o)
    0x10000078   0x000036c8   0x00000004   Data   RW         1632    .data               mc_w.l(stdout.o)
    0x1000007c   0x000036cc   0x00000004   Data   RW         1957    .data               mc_w.l(errno.o)


    Execution Region ER_ZI (Exec base: 0x10000080, Load base: 0x000036d0, Size: 0x000020f0, Max: 0xffffffff, ABSOLUTE)

    Exec Addr    Load Addr    Size         Type   Attr      Idx    E Section Name        Object

    0x10000080        -       0x00001e88   Zero   RW          151    .bss                rtx_conf_cm.o
    0x10001f08        -       0x00000034   Zero   RW         1040    .bss                RTX_CM3.lib(rt_task.o)
    0x10001f3c        -       0x00000030   Zero   RW         1260    .bss                RTX_CM3.lib(rt_list.o)
    0x10001f6c   0x000036d0   0x00000004   PAD
    0x10001f70        -       0x00000200   Zero   RW          358    STACK               startup_lpc17xx.o


==============================================================================

Image component sizes


      Code (inc. data)   RO Data    RW Data    ZI Data      Debug   Object Name

        26          0          0          0          0       9041   main.o
        92         12          0          0          0       3003   retarget_io.o
        78         12        104         20       7816       7714   rtx_conf_cm.o
        40         12        204          0        512       1004   startup_lpc17xx.o
       320         18          0          0          0        581   system_lpc17xx.o
      1172        312        128         60          0       6947   thread.o

    ----------------------------------------------------------------------
      1732        366        468         80       8328      28290   Object Totals
         0          0         32          0          0          0   (incl. Generated)
         4          0          0          0          0          0   (incl. Padding)

    ----------------------------------------------------------------------

      Code (inc. data)   RO Data    RW Data    ZI Data      Debug   Library Member Name

       238         24          0          1          0       3244   hal_cm.o
       304         36          0          0          0        756   hal_cm3.o
      1152        144          0          8          0      33322   rt_cmsis.o
        80          4          0          0          0        649   rt_event.o
       530         34          0          0         48       8157   rt_list.o
       554         10          0          0          0       3889   rt_mailbox.o
       140          0          0          0          0       1889   rt_membox.o
       128          0          0          0          0       2267   rt_memory.o
        96         22          0          8          0       1134   rt_robin.o
        52          4          0          0          0        565   rt_semaphore.o
       298         52          0          8          0       6139   rt_system.o
      1216        174          0          8         52       9537   rt_task.o
         6          0          0          4          0        636   rt_time.o
         4          4          0          0          0        196   svc_table.o
        62         10          0          0          0        340   dunder.o
        40          0          0          0          0         68   fpclassify.o
       170          0          0          0          0         96   poly.o
      2520        190        136          0          0        324   pow.o
         0          0          8          0          0          0   qnan.o
        76          0          0          0          0         84   sqrt.o
         0          0          0          0          0          0   entry.o
         0          0          0          0          0          0   entry10a.o
         0          0          0          0          0          0   entry11a.o
         4          0          0          0          0          0   entry12b.o
         8          4          0          0          0          0   entry2.o
         4          0          0          0          0          0   entry5.o
         0          0          0          0          0          0   entry7b.o
         0          0          0          0          0          0   entry8b.o
        12          6          0          4          0         68   errno.o
        30          0          0          0          0          0   handlers.o
        36          8          0          0          0         68   init.o
         0          0          0          0          0          0   iusefp.o
        30          0          0          0          0         68   llshl.o
        36          0          0          0          0         68   llsshr.o
        32          0          0          0          0         68   llushr.o
      2218         90          0          0          0        464   printfa.o
         0          0          0          4          0          0   stdout.o
        44          0          0          0          0         80   uidiv.o
        98          0          0          0          0         92   uldiv.o
        48          0          0          0          0         68   cdrcmple.o
       334          0          0          0          0        148   dadd.o
       222          0          0          0          0        100   ddiv.o
       186          0          0          0          0        176   depilogue.o
        48          0          0          0          0         68   dfixul.o
        34          0          0          0          0         76   dflti.o
       228          0          0          0          0         96   dmul.o
        46          0          0          0          0         80   dscalb.o
       162          0          0          0          0        100   dsqrt.o

    ----------------------------------------------------------------------
     11560        816        144         48        104      75180   Library Totals
        34          0          0          3          4          0   (incl. Padding)

    ----------------------------------------------------------------------

      Code (inc. data)   RO Data    RW Data    ZI Data      Debug   Library Name

      4798        508          0         37        100      72380   RTX_CM3.lib
      2868        200        144          0          0        912   m_ws.l
      2552        108          0          8          0        976   mc_w.l
      1308          0          0          0          0        912   mf_w.l

    ----------------------------------------------------------------------
     11560        816        144         48        104      75180   Library Totals

    ----------------------------------------------------------------------

==============================================================================


      Code (inc. data)   RO Data    RW Data    ZI Data      Debug   

     13292       1182        612        128       8432      97746   Grand Totals
     13292       1182        612        128       8432      97746   ELF Image Totals
     13292       1182        612        128          0          0   ROM Totals

==============================================================================

    Total RO  Size (Code + RO Data)                13904 (  13.58kB)
    Total RW  Size (RW Data + ZI Data)              8560 (   8.36kB)
    Total ROM Size (Code + RO Data + RW Data)      14032 (  13.70kB)

==============================================================================

